Archive member included to satisfy reference by file (symbol)

c:/st/stm32cubeide_1.5.1/stm32cubeide/plugins/com.st.stm32cube.ide.mcu.externaltools.gnu-tools-for-stm32.9-2020-q2-update.win32_2.0.0.202105311346/tools/bin/../lib/gcc/arm-none-eabi/9.3.1/../../../../arm-none-eabi/lib/thumb/v7e-m+fp/hard\libc_nano.a(lib_a-errno.o)
                              ./Core/Src/syscalls.o (__errno)
c:/st/stm32cubeide_1.5.1/stm32cubeide/plugins/com.st.stm32cube.ide.mcu.externaltools.gnu-tools-for-stm32.9-2020-q2-update.win32_2.0.0.202105311346/tools/bin/../lib/gcc/arm-none-eabi/9.3.1/../../../../arm-none-eabi/lib/thumb/v7e-m+fp/hard\libc_nano.a(lib_a-exit.o)
                              c:/st/stm32cubeide_1.5.1/stm32cubeide/plugins/com.st.stm32cube.ide.mcu.externaltools.gnu-tools-for-stm32.9-2020-q2-update.win32_2.0.0.202105311346/tools/bin/../lib/gcc/arm-none-eabi/9.3.1/../../../../arm-none-eabi/lib/thumb/v7e-m+fp/hard/crt0.o (exit)
c:/st/stm32cubeide_1.5.1/stm32cubeide/plugins/com.st.stm32cube.ide.mcu.externaltools.gnu-tools-for-stm32.9-2020-q2-update.win32_2.0.0.202105311346/tools/bin/../lib/gcc/arm-none-eabi/9.3.1/../../../../arm-none-eabi/lib/thumb/v7e-m+fp/hard\libc_nano.a(lib_a-impure.o)
                              c:/st/stm32cubeide_1.5.1/stm32cubeide/plugins/com.st.stm32cube.ide.mcu.externaltools.gnu-tools-for-stm32.9-2020-q2-update.win32_2.0.0.202105311346/tools/bin/../lib/gcc/arm-none-eabi/9.3.1/../../../../arm-none-eabi/lib/thumb/v7e-m+fp/hard\libc_nano.a(lib_a-exit.o) (_global_impure_ptr)
c:/st/stm32cubeide_1.5.1/stm32cubeide/plugins/com.st.stm32cube.ide.mcu.externaltools.gnu-tools-for-stm32.9-2020-q2-update.win32_2.0.0.202105311346/tools/bin/../lib/gcc/arm-none-eabi/9.3.1/../../../../arm-none-eabi/lib/thumb/v7e-m+fp/hard\libc_nano.a(lib_a-init.o)
                              c:/st/stm32cubeide_1.5.1/stm32cubeide/plugins/com.st.stm32cube.ide.mcu.externaltools.gnu-tools-for-stm32.9-2020-q2-update.win32_2.0.0.202105311346/tools/bin/../lib/gcc/arm-none-eabi/9.3.1/../../../../arm-none-eabi/lib/thumb/v7e-m+fp/hard/crt0.o (__libc_init_array)
c:/st/stm32cubeide_1.5.1/stm32cubeide/plugins/com.st.stm32cube.ide.mcu.externaltools.gnu-tools-for-stm32.9-2020-q2-update.win32_2.0.0.202105311346/tools/bin/../lib/gcc/arm-none-eabi/9.3.1/../../../../arm-none-eabi/lib/thumb/v7e-m+fp/hard\libc_nano.a(lib_a-memset.o)
                              c:/st/stm32cubeide_1.5.1/stm32cubeide/plugins/com.st.stm32cube.ide.mcu.externaltools.gnu-tools-for-stm32.9-2020-q2-update.win32_2.0.0.202105311346/tools/bin/../lib/gcc/arm-none-eabi/9.3.1/../../../../arm-none-eabi/lib/thumb/v7e-m+fp/hard/crt0.o (memset)
c:/st/stm32cubeide_1.5.1/stm32cubeide/plugins/com.st.stm32cube.ide.mcu.externaltools.gnu-tools-for-stm32.9-2020-q2-update.win32_2.0.0.202105311346/tools/bin/../lib/gcc/arm-none-eabi/9.3.1/thumb/v7e-m+fp/hard\libgcc.a(_arm_addsubdf3.o)
                              ./Core/Src/GAS_BulkADC.o (__aeabi_f2d)
c:/st/stm32cubeide_1.5.1/stm32cubeide/plugins/com.st.stm32cube.ide.mcu.externaltools.gnu-tools-for-stm32.9-2020-q2-update.win32_2.0.0.202105311346/tools/bin/../lib/gcc/arm-none-eabi/9.3.1/thumb/v7e-m+fp/hard\libgcc.a(_arm_muldivdf3.o)
                              ./Core/Src/GAS_BulkADC.o (__aeabi_ddiv)
c:/st/stm32cubeide_1.5.1/stm32cubeide/plugins/com.st.stm32cube.ide.mcu.externaltools.gnu-tools-for-stm32.9-2020-q2-update.win32_2.0.0.202105311346/tools/bin/../lib/gcc/arm-none-eabi/9.3.1/thumb/v7e-m+fp/hard\libgcc.a(_arm_fixdfsi.o)
                              ./Core/Src/GAS_BulkADC.o (__aeabi_d2iz)
c:/st/stm32cubeide_1.5.1/stm32cubeide/plugins/com.st.stm32cube.ide.mcu.externaltools.gnu-tools-for-stm32.9-2020-q2-update.win32_2.0.0.202105311346/tools/bin/../lib/gcc/arm-none-eabi/9.3.1/thumb/v7e-m+fp/hard\libgcc.a(_aeabi_uldivmod.o)
                              ./Drivers/STM32F4xx_HAL_Driver/Src/stm32f4xx_hal_rcc.o (__aeabi_uldivmod)
c:/st/stm32cubeide_1.5.1/stm32cubeide/plugins/com.st.stm32cube.ide.mcu.externaltools.gnu-tools-for-stm32.9-2020-q2-update.win32_2.0.0.202105311346/tools/bin/../lib/gcc/arm-none-eabi/9.3.1/thumb/v7e-m+fp/hard\libgcc.a(_udivmoddi4.o)
                              c:/st/stm32cubeide_1.5.1/stm32cubeide/plugins/com.st.stm32cube.ide.mcu.externaltools.gnu-tools-for-stm32.9-2020-q2-update.win32_2.0.0.202105311346/tools/bin/../lib/gcc/arm-none-eabi/9.3.1/thumb/v7e-m+fp/hard\libgcc.a(_aeabi_uldivmod.o) (__udivmoddi4)
c:/st/stm32cubeide_1.5.1/stm32cubeide/plugins/com.st.stm32cube.ide.mcu.externaltools.gnu-tools-for-stm32.9-2020-q2-update.win32_2.0.0.202105311346/tools/bin/../lib/gcc/arm-none-eabi/9.3.1/thumb/v7e-m+fp/hard\libgcc.a(_dvmd_tls.o)
                              c:/st/stm32cubeide_1.5.1/stm32cubeide/plugins/com.st.stm32cube.ide.mcu.externaltools.gnu-tools-for-stm32.9-2020-q2-update.win32_2.0.0.202105311346/tools/bin/../lib/gcc/arm-none-eabi/9.3.1/thumb/v7e-m+fp/hard\libgcc.a(_aeabi_uldivmod.o) (__aeabi_ldiv0)

Allocating common symbols
Common symbol       size              file

[...]
Memory Configuration

Name             Origin             Length             Attributes
CCMRAM           0x0000000010000000 0x0000000000010000 xrw
RAM              0x0000000020000000 0x0000000000020000 xrw
FLASH            0x0000000008000000 0x0000000000100000 xr
*default*        0x0000000000000000 0xffffffffffffffff

Linker script and memory map

LOAD c:/st/stm32cubeide_1.5.1/stm32cubeide/plugins/com.st.stm32cube.ide.mcu.externaltools.gnu-tools-for-stm32.9-2020-q2-update.win32_2.0.0.202105311346/tools/bin/../lib/gcc/arm-none-eabi/9.3.1/thumb/v7e-m+fp/hard/crti.o
LOAD c:/st/stm32cubeide_1.5.1/stm32cubeide/plugins/com.st.stm32cube.ide.mcu.externaltools.gnu-tools-for-stm32.9-2020-q2-update.win32_2.0.0.202105311346/tools/bin/../lib/gcc/arm-none-eabi/9.3.1/thumb/v7e-m+fp/hard/crtbegin.o
LOAD c:/st/stm32cubeide_1.5.1/stm32cubeide/plugins/com.st.stm32cube.ide.mcu.externaltools.gnu-tools-for-stm32.9-2020-q2-update.win32_2.0.0.202105311346/tools/bin/../lib/gcc/arm-none-eabi/9.3.1/../../../../arm-none-eabi/lib/thumb/v7e-m+fp/hard/crt0.o
LOAD ./Core/Src/GAS_BulkADC.o
LOAD ./Core/Src/GAS_Can.o
LOAD ./Core/Src/GAS_Scheduler.o
LOAD ./Core/Src/GAS_Spi.o
LOAD ./Core/Src/adc.o
LOAD ./Core/Src/can.o
LOAD ./Core/Src/crc.o
LOAD ./Core/Src/dma.o
LOAD ./Core/Src/gpio.o
LOAD ./Core/Src/main.o
LOAD ./Core/Src/spi.o
LOAD ./Core/Src/stm32f4xx_hal_msp.o
LOAD ./Core/Src/stm32f4xx_it.o
LOAD ./Core/Src/syscalls.o
LOAD ./Core/Src/sysmem.o
LOAD ./Core/Src/system_stm32f4xx.o
LOAD ./Core/Src/tim.o
LOAD ./Core/Startup/startup_stm32f405rgtx.o
LOAD ./Drivers/STM32F4xx_HAL_Driver/Src/stm32f4xx_hal.o
LOAD ./Drivers/STM32F4xx_HAL_Driver/Src/stm32f4xx_hal_adc.o
LOAD ./Drivers/STM32F4xx_HAL_Driver/Src/stm32f4xx_hal_adc_ex.o
LOAD ./Drivers/STM32F4xx_HAL_Driver/Src/stm32f4xx_hal_can.o
LOAD ./Drivers/STM32F4xx_HAL_Driver/Src/stm32f4xx_hal_cortex.o
LOAD ./Drivers/STM32F4xx_HAL_Driver/Src/stm32f4xx_hal_crc.o
LOAD ./Drivers/STM32F4xx_HAL_Driver/Src/stm32f4xx_hal_dma.o
LOAD ./Drivers/STM32F4xx_HAL_Driver/Src/stm32f4xx_hal_dma_ex.o
LOAD ./Drivers/STM32F4xx_HAL_Driver/Src/stm32f4xx_hal_exti.o
LOAD ./Drivers/STM32F4xx_HAL_Driver/Src/stm32f4xx_hal_flash.o
LOAD ./Drivers/STM32F4xx_HAL_Driver/Src/stm32f4xx_hal_flash_ex.o
LOAD ./Drivers/STM32F4xx_HAL_Driver/Src/stm32f4xx_hal_flash_ramfunc.o
LOAD ./Drivers/STM32F4xx_HAL_Driver/Src/stm32f4xx_hal_gpio.o
LOAD ./Drivers/STM32F4xx_HAL_Driver/Src/stm32f4xx_hal_pwr.o
LOAD ./Drivers/STM32F4xx_HAL_Driver/Src/stm32f4xx_hal_pwr_ex.o
LOAD ./Drivers/STM32F4xx_HAL_Driver/Src/stm32f4xx_hal_rcc.o
LOAD ./Drivers/STM32F4xx_HAL_Driver/Src/stm32f4xx_hal_rcc_ex.o
LOAD ./Drivers/STM32F4xx_HAL_Driver/Src/stm32f4xx_hal_spi.o
LOAD ./Drivers/STM32F4xx_HAL_Driver/Src/stm32f4xx_hal_tim.o
LOAD ./Drivers/STM32F4xx_HAL_Driver/Src/stm32f4xx_hal_tim_ex.o
LOAD ./Drivers/STM32F4xx_HAL_Driver/Src/stm32f4xx_ll_adc.o
START GROUP
LOAD c:/st/stm32cubeide_1.5.1/stm32cubeide/plugins/com.st.stm32cube.ide.mcu.externaltools.gnu-tools-for-stm32.9-2020-q2-update.win32_2.0.0.202105311346/tools/bin/../lib/gcc/arm-none-eabi/9.3.1/../../../../arm-none-eabi/lib/thumb/v7e-m+fp/hard\libc_nano.a
LOAD c:/st/stm32cubeide_1.5.1/stm32cubeide/plugins/com.st.stm32cube.ide.mcu.externaltools.gnu-tools-for-stm32.9-2020-q2-update.win32_2.0.0.202105311346/tools/bin/../lib/gcc/arm-none-eabi/9.3.1/../../../../arm-none-eabi/lib/thumb/v7e-m+fp/hard\libm.a
END GROUP
START GROUP
LOAD c:/st/stm32cubeide_1.5.1/stm32cubeide/plugins/com.st.stm32cube.ide.mcu.externaltools.gnu-tools-for-stm32.9-2020-q2-update.win32_2.0.0.202105311346/tools/bin/../lib/gcc/arm-none-eabi/9.3.1/thumb/v7e-m+fp/hard\libgcc.a
LOAD c:/st/stm32cubeide_1.5.1/stm32cubeide/plugins/com.st.stm32cube.ide.mcu.externaltools.gnu-tools-for-stm32.9-2020-q2-update.win32_2.0.0.202105311346/tools/bin/../lib/gcc/arm-none-eabi/9.3.1/../../../../arm-none-eabi/lib/thumb/v7e-m+fp/hard\libc_nano.a
END GROUP
START GROUP
LOAD c:/st/stm32cubeide_1.5.1/stm32cubeide/plugins/com.st.stm32cube.ide.mcu.externaltools.gnu-tools-for-stm32.9-2020-q2-update.win32_2.0.0.202105311346/tools/bin/../lib/gcc/arm-none-eabi/9.3.1/thumb/v7e-m+fp/hard\libgcc.a
LOAD c:/st/stm32cubeide_1.5.1/stm32cubeide/plugins/com.st.stm32cube.ide.mcu.externaltools.gnu-tools-for-stm32.9-2020-q2-update.win32_2.0.0.202105311346/tools/bin/../lib/gcc/arm-none-eabi/9.3.1/../../../../arm-none-eabi/lib/thumb/v7e-m+fp/hard\libc_nano.a
LOAD c:/st/stm32cubeide_1.5.1/stm32cubeide/plugins/com.st.stm32cube.ide.mcu.externaltools.gnu-tools-for-stm32.9-2020-q2-update.win32_2.0.0.202105311346/tools/bin/../lib/gcc/arm-none-eabi/9.3.1/../../../../arm-none-eabi/lib/thumb/v7e-m+fp/hard\libnosys.a
END GROUP
START GROUP
LOAD c:/st/stm32cubeide_1.5.1/stm32cubeide/plugins/com.st.stm32cube.ide.mcu.externaltools.gnu-tools-for-stm32.9-2020-q2-update.win32_2.0.0.202105311346/tools/bin/../lib/gcc/arm-none-eabi/9.3.1/thumb/v7e-m+fp/hard\libgcc.a
LOAD c:/st/stm32cubeide_1.5.1/stm32cubeide/plugins/com.st.stm32cube.ide.mcu.externaltools.gnu-tools-for-stm32.9-2020-q2-update.win32_2.0.0.202105311346/tools/bin/../lib/gcc/arm-none-eabi/9.3.1/../../../../arm-none-eabi/lib/thumb/v7e-m+fp/hard\libc_nano.a
LOAD c:/st/stm32cubeide_1.5.1/stm32cubeide/plugins/com.st.stm32cube.ide.mcu.externaltools.gnu-tools-for-stm32.9-2020-q2-update.win32_2.0.0.202105311346/tools/bin/../lib/gcc/arm-none-eabi/9.3.1/../../../../arm-none-eabi/lib/thumb/v7e-m+fp/hard\libnosys.a
END GROUP
LOAD c:/st/stm32cubeide_1.5.1/stm32cubeide/plugins/com.st.stm32cube.ide.mcu.externaltools.gnu-tools-for-stm32.9-2020-q2-update.win32_2.0.0.202105311346/tools/bin/../lib/gcc/arm-none-eabi/9.3.1/thumb/v7e-m+fp/hard/crtend.o
LOAD c:/st/stm32cubeide_1.5.1/stm32cubeide/plugins/com.st.stm32cube.ide.mcu.externaltools.gnu-tools-for-stm32.9-2020-q2-update.win32_2.0.0.202105311346/tools/bin/../lib/gcc/arm-none-eabi/9.3.1/thumb/v7e-m+fp/hard/crtn.o
                0x0000000020020000                _estack = (ORIGIN (RAM) + LENGTH (RAM))
                0x0000000000000200                _Min_Heap_Size = 0x200
                0x0000000000000400                _Min_Stack_Size = 0x400

.isr_vector     0x0000000008000000      0x188
                0x0000000008000000                . = ALIGN (0x4)
 *(.isr_vector)
 .isr_vector    0x0000000008000000      0x188 ./Core/Startup/startup_stm32f405rgtx.o
                0x0000000008000000                g_pfnVectors
                0x0000000008000188                . = ALIGN (0x4)

.text           0x0000000008000188     0x4724
                0x0000000008000188                . = ALIGN (0x4)
 *(.text)
 .text          0x0000000008000188       0x40 c:/st/stm32cubeide_1.5.1/stm32cubeide/plugins/com.st.stm32cube.ide.mcu.externaltools.gnu-tools-for-stm32.9-2020-q2-update.win32_2.0.0.202105311346/tools/bin/../lib/gcc/arm-none-eabi/9.3.1/thumb/v7e-m+fp/hard/crtbegin.o
 .text          0x00000000080001c8       0x30 c:/st/stm32cubeide_1.5.1/stm32cubeide/plugins/com.st.stm32cube.ide.mcu.externaltools.gnu-tools-for-stm32.9-2020-q2-update.win32_2.0.0.202105311346/tools/bin/../lib/gcc/arm-none-eabi/9.3.1/thumb/v7e-m+fp/hard\libgcc.a(_aeabi_uldivmod.o)
                0x00000000080001c8                __aeabi_uldivmod
 .text          0x00000000080001f8      0x2c4 c:/st/stm32cubeide_1.5.1/stm32cubeide/plugins/com.st.stm32cube.ide.mcu.externaltools.gnu-tools-for-stm32.9-2020-q2-update.win32_2.0.0.202105311346/tools/bin/../lib/gcc/arm-none-eabi/9.3.1/thumb/v7e-m+fp/hard\libgcc.a(_udivmoddi4.o)
                0x00000000080001f8                __udivmoddi4
 .text          0x00000000080004bc        0x4 c:/st/stm32cubeide_1.5.1/stm32cubeide/plugins/com.st.stm32cube.ide.mcu.externaltools.gnu-tools-for-stm32.9-2020-q2-update.win32_2.0.0.202105311346/tools/bin/../lib/gcc/arm-none-eabi/9.3.1/thumb/v7e-m+fp/hard\libgcc.a(_dvmd_tls.o)
                0x00000000080004bc                __aeabi_idiv0
                0x00000000080004bc                __aeabi_ldiv0
 *(.text*)
 .text.GAS_BulkADC_run_100ms
                0x00000000080004c0       0x84 ./Core/Src/GAS_BulkADC.o
                0x00000000080004c0                GAS_BulkADC_run_100ms
 .text.GAS_Can_txSetting
                0x0000000008000544       0x54 ./Core/Src/GAS_Can.o
                0x0000000008000544                GAS_Can_txSetting
 .text.GAS_Can_rxSetting
                0x0000000008000598       0xe0 ./Core/Src/GAS_Can.o
                0x0000000008000598                GAS_Can_rxSetting
 .text.GAS_Can_init
                0x0000000008000678       0x38 ./Core/Src/GAS_Can.o
                0x0000000008000678                GAS_Can_init
 .text.HAL_CAN_RxFifo1MsgPendingCallback
                0x00000000080006b0       0x34 ./Core/Src/GAS_Can.o
                0x00000000080006b0                HAL_CAN_RxFifo1MsgPendingCallback
 .text.__NVIC_SetPriority
                0x00000000080006e4       0x54 ./Core/Src/GAS_Scheduler.o
 .text.SysTick_Config
                0x0000000008000738       0x44 ./Core/Src/GAS_Scheduler.o
 .text.GAS_Scheduler_init
                0x000000000800077c       0x28 ./Core/Src/GAS_Scheduler.o
                0x000000000800077c                GAS_Scheduler_init
 .text.HAL_SYSTICK_Callback
                0x00000000080007a4       0xb4 ./Core/Src/GAS_Scheduler.o
                0x00000000080007a4                HAL_SYSTICK_Callback
 .text.GAS_Scheduler
                0x0000000008000858       0xc4 ./Core/Src/GAS_Scheduler.o
                0x0000000008000858                GAS_Scheduler
 .text.GAS_Spi_TransmitReceive
                0x000000000800091c       0x70 ./Core/Src/GAS_Spi.o
                0x000000000800091c                GAS_Spi_TransmitReceive
 .text.GAS_Spi_getAll
                0x000000000800098c       0x54 ./Core/Src/GAS_Spi.o
                0x000000000800098c                GAS_Spi_getAll
 .text.MX_ADC1_Init
                0x00000000080009e0       0xa4 ./Core/Src/adc.o
                0x00000000080009e0                MX_ADC1_Init
 .text.MX_ADC2_Init
                0x0000000008000a84       0xa4 ./Core/Src/adc.o
                0x0000000008000a84                MX_ADC2_Init
 .text.MX_ADC3_Init
                0x0000000008000b28       0xa4 ./Core/Src/adc.o
                0x0000000008000b28                MX_ADC3_Init
 .text.HAL_ADC_MspInit
                0x0000000008000bcc      0x220 ./Core/Src/adc.o
                0x0000000008000bcc                HAL_ADC_MspInit
 .text.MX_CAN1_Init
                0x0000000008000dec       0x6c ./Core/Src/can.o
                0x0000000008000dec                MX_CAN1_Init
 .text.MX_CAN2_Init
                0x0000000008000e58       0x6c ./Core/Src/can.o
                0x0000000008000e58                MX_CAN2_Init
 .text.HAL_CAN_MspInit
                0x0000000008000ec4      0x1a4 ./Core/Src/can.o
                0x0000000008000ec4                HAL_CAN_MspInit
 .text.MX_CRC_Init
                0x0000000008001068       0x28 ./Core/Src/crc.o
                0x0000000008001068                MX_CRC_Init
 .text.HAL_CRC_MspInit
                0x0000000008001090       0x44 ./Core/Src/crc.o
                0x0000000008001090                HAL_CRC_MspInit
 .text.MX_DMA_Init
                0x00000000080010d4       0x40 ./Core/Src/dma.o
                0x00000000080010d4                MX_DMA_Init
 .text.MX_GPIO_Init
                0x0000000008001114      0x11c ./Core/Src/gpio.o
                0x0000000008001114                MX_GPIO_Init
 .text.main     0x0000000008001230       0x42 ./Core/Src/main.o
                0x0000000008001230                main
 *fill*         0x0000000008001272        0x2 
 .text.SystemClock_Config
                0x0000000008001274       0xd8 ./Core/Src/main.o
                0x0000000008001274                SystemClock_Config
 .text.Error_Handler
                0x000000000800134c       0x38 ./Core/Src/main.o
                0x000000000800134c                Error_Handler
 .text.MX_SPI3_Init
                0x0000000008001384       0x6c ./Core/Src/spi.o
                0x0000000008001384                MX_SPI3_Init
 .text.HAL_SPI_MspInit
                0x00000000080013f0       0x90 ./Core/Src/spi.o
                0x00000000080013f0                HAL_SPI_MspInit
 .text.HAL_MspInit
                0x0000000008001480       0x50 ./Core/Src/stm32f4xx_hal_msp.o
                0x0000000008001480                HAL_MspInit
 .text.NMI_Handler
                0x00000000080014d0        0x6 ./Core/Src/stm32f4xx_it.o
                0x00000000080014d0                NMI_Handler
 .text.HardFault_Handler
                0x00000000080014d6        0x6 ./Core/Src/stm32f4xx_it.o
                0x00000000080014d6                HardFault_Handler
 .text.MemManage_Handler
                0x00000000080014dc        0x6 ./Core/Src/stm32f4xx_it.o
                0x00000000080014dc                MemManage_Handler
 .text.BusFault_Handler
                0x00000000080014e2        0x6 ./Core/Src/stm32f4xx_it.o
                0x00000000080014e2                BusFault_Handler
 .text.UsageFault_Handler
                0x00000000080014e8        0x6 ./Core/Src/stm32f4xx_it.o
                0x00000000080014e8                UsageFault_Handler
 .text.SVC_Handler
                0x00000000080014ee        0xe ./Core/Src/stm32f4xx_it.o
                0x00000000080014ee                SVC_Handler
 .text.DebugMon_Handler
                0x00000000080014fc        0xe ./Core/Src/stm32f4xx_it.o
                0x00000000080014fc                DebugMon_Handler
 .text.PendSV_Handler
                0x000000000800150a        0xe ./Core/Src/stm32f4xx_it.o
                0x000000000800150a                PendSV_Handler
 .text.SysTick_Handler
                0x0000000008001518       0x10 ./Core/Src/stm32f4xx_it.o
                0x0000000008001518                SysTick_Handler
 .text.CAN1_RX0_IRQHandler
                0x0000000008001528       0x14 ./Core/Src/stm32f4xx_it.o
                0x0000000008001528                CAN1_RX0_IRQHandler
 .text.CAN1_RX1_IRQHandler
                0x000000000800153c       0x14 ./Core/Src/stm32f4xx_it.o
                0x000000000800153c                CAN1_RX1_IRQHandler
 .text.DMA2_Stream0_IRQHandler
                0x0000000008001550       0x14 ./Core/Src/stm32f4xx_it.o
                0x0000000008001550                DMA2_Stream0_IRQHandler
 .text.CAN2_RX0_IRQHandler
                0x0000000008001564       0x14 ./Core/Src/stm32f4xx_it.o
                0x0000000008001564                CAN2_RX0_IRQHandler
 .text.CAN2_RX1_IRQHandler
                0x0000000008001578       0x14 ./Core/Src/stm32f4xx_it.o
                0x0000000008001578                CAN2_RX1_IRQHandler
 .text.SystemInit
                0x000000000800158c       0x2c ./Core/Src/system_stm32f4xx.o
                0x000000000800158c                SystemInit
 .text.MX_TIM3_Init
                0x00000000080015b8       0x9c ./Core/Src/tim.o
                0x00000000080015b8                MX_TIM3_Init
 .text.MX_TIM12_Init
                0x0000000008001654       0x74 ./Core/Src/tim.o
                0x0000000008001654                MX_TIM12_Init
 .text.HAL_TIM_Base_MspInit
                0x00000000080016c8       0x70 ./Core/Src/tim.o
                0x00000000080016c8                HAL_TIM_Base_MspInit
 .text.Reset_Handler
                0x0000000008001738       0x50 ./Core/Startup/startup_stm32f405rgtx.o
                0x0000000008001738                Reset_Handler
 .text.Default_Handler
                0x0000000008001788        0x2 ./Core/Startup/startup_stm32f405rgtx.o
                0x0000000008001788                RTC_Alarm_IRQHandler
                0x0000000008001788                HASH_RNG_IRQHandler
                0x0000000008001788                EXTI2_IRQHandler
                0x0000000008001788                TIM8_CC_IRQHandler
                0x0000000008001788                TIM1_CC_IRQHandler
                0x0000000008001788                DMA2_Stream5_IRQHandler
                0x0000000008001788                DMA1_Stream5_IRQHandler
                0x0000000008001788                PVD_IRQHandler
                0x0000000008001788                SDIO_IRQHandler
                0x0000000008001788                TAMP_STAMP_IRQHandler
                0x0000000008001788                EXTI3_IRQHandler
                0x0000000008001788                TIM8_TRG_COM_TIM14_IRQHandler
                0x0000000008001788                TIM1_UP_TIM10_IRQHandler
                0x0000000008001788                TIM8_UP_TIM13_IRQHandler
                0x0000000008001788                I2C3_ER_IRQHandler
                0x0000000008001788                EXTI0_IRQHandler
                0x0000000008001788                I2C2_EV_IRQHandler
                0x0000000008001788                DMA1_Stream2_IRQHandler
                0x0000000008001788                FPU_IRQHandler
                0x0000000008001788                OTG_HS_WKUP_IRQHandler
                0x0000000008001788                CAN2_SCE_IRQHandler
                0x0000000008001788                DMA2_Stream2_IRQHandler
                0x0000000008001788                SPI1_IRQHandler
                0x0000000008001788                TIM6_DAC_IRQHandler
                0x0000000008001788                TIM1_BRK_TIM9_IRQHandler
                0x0000000008001788                DMA2_Stream3_IRQHandler
                0x0000000008001788                USART6_IRQHandler
                0x0000000008001788                USART3_IRQHandler
                0x0000000008001788                UART5_IRQHandler
                0x0000000008001788                TIM4_IRQHandler
                0x0000000008001788                I2C1_EV_IRQHandler
                0x0000000008001788                DMA1_Stream6_IRQHandler
                0x0000000008001788                DMA1_Stream1_IRQHandler
                0x0000000008001788                UART4_IRQHandler
                0x0000000008001788                TIM3_IRQHandler
                0x0000000008001788                RCC_IRQHandler
                0x0000000008001788                TIM8_BRK_TIM12_IRQHandler
                0x0000000008001788                Default_Handler
                0x0000000008001788                EXTI15_10_IRQHandler
                0x0000000008001788                ADC_IRQHandler
                0x0000000008001788                DMA1_Stream7_IRQHandler
                0x0000000008001788                TIM7_IRQHandler
                0x0000000008001788                CAN2_TX_IRQHandler
                0x0000000008001788                TIM5_IRQHandler
                0x0000000008001788                DMA2_Stream7_IRQHandler
                0x0000000008001788                I2C3_EV_IRQHandler
                0x0000000008001788                EXTI9_5_IRQHandler
                0x0000000008001788                RTC_WKUP_IRQHandler
                0x0000000008001788                SPI2_IRQHandler
                0x0000000008001788                OTG_HS_EP1_IN_IRQHandler
                0x0000000008001788                DMA1_Stream0_IRQHandler
                0x0000000008001788                CAN1_TX_IRQHandler
                0x0000000008001788                EXTI4_IRQHandler
                0x0000000008001788                FSMC_IRQHandler
                0x0000000008001788                OTG_HS_EP1_OUT_IRQHandler
                0x0000000008001788                WWDG_IRQHandler
                0x0000000008001788                TIM2_IRQHandler
                0x0000000008001788                OTG_FS_WKUP_IRQHandler
                0x0000000008001788                TIM1_TRG_COM_TIM11_IRQHandler
                0x0000000008001788                OTG_HS_IRQHandler
                0x0000000008001788                EXTI1_IRQHandler
                0x0000000008001788                USART2_IRQHandler
                0x0000000008001788                I2C2_ER_IRQHandler
                0x0000000008001788                DMA2_Stream1_IRQHandler
                0x0000000008001788                CAN1_SCE_IRQHandler
                0x0000000008001788                FLASH_IRQHandler
                0x0000000008001788                DMA2_Stream4_IRQHandler
                0x0000000008001788                USART1_IRQHandler
                0x0000000008001788                OTG_FS_IRQHandler
                0x0000000008001788                SPI3_IRQHandler
                0x0000000008001788                DMA1_Stream4_IRQHandler
                0x0000000008001788                I2C1_ER_IRQHandler
                0x0000000008001788                DMA2_Stream6_IRQHandler
                0x0000000008001788                DMA1_Stream3_IRQHandler
 *fill*         0x000000000800178a        0x2 
 .text.HAL_Init
                0x000000000800178c       0x44 ./Drivers/STM32F4xx_HAL_Driver/Src/stm32f4xx_hal.o
                0x000000000800178c                HAL_Init
 .text.HAL_InitTick
                0x00000000080017d0       0x60 ./Drivers/STM32F4xx_HAL_Driver/Src/stm32f4xx_hal.o
                0x00000000080017d0                HAL_InitTick
 .text.HAL_IncTick
                0x0000000008001830       0x28 ./Drivers/STM32F4xx_HAL_Driver/Src/stm32f4xx_hal.o
                0x0000000008001830                HAL_IncTick
 .text.HAL_GetTick
                0x0000000008001858       0x18 ./Drivers/STM32F4xx_HAL_Driver/Src/stm32f4xx_hal.o
                0x0000000008001858                HAL_GetTick
 .text.HAL_ADC_Init
                0x0000000008001870       0x86 ./Drivers/STM32F4xx_HAL_Driver/Src/stm32f4xx_hal_adc.o
                0x0000000008001870                HAL_ADC_Init
 *fill*         0x00000000080018f6        0x2 
 .text.HAL_ADC_ConfigChannel
                0x00000000080018f8      0x244 ./Drivers/STM32F4xx_HAL_Driver/Src/stm32f4xx_hal_adc.o
                0x00000000080018f8                HAL_ADC_ConfigChannel
 .text.ADC_Init
                0x0000000008001b3c      0x1f8 ./Drivers/STM32F4xx_HAL_Driver/Src/stm32f4xx_hal_adc.o
 .text.HAL_CAN_Init
                0x0000000008001d34      0x1f6 ./Drivers/STM32F4xx_HAL_Driver/Src/stm32f4xx_hal_can.o
                0x0000000008001d34                HAL_CAN_Init
 *fill*         0x0000000008001f2a        0x2 
 .text.HAL_CAN_ConfigFilter
                0x0000000008001f2c      0x1c0 ./Drivers/STM32F4xx_HAL_Driver/Src/stm32f4xx_hal_can.o
                0x0000000008001f2c                HAL_CAN_ConfigFilter
 .text.HAL_CAN_Start
                0x00000000080020ec       0x88 ./Drivers/STM32F4xx_HAL_Driver/Src/stm32f4xx_hal_can.o
                0x00000000080020ec                HAL_CAN_Start
 .text.HAL_CAN_GetRxMessage
                0x0000000008002174      0x224 ./Drivers/STM32F4xx_HAL_Driver/Src/stm32f4xx_hal_can.o
                0x0000000008002174                HAL_CAN_GetRxMessage
 .text.HAL_CAN_ActivateNotification
                0x0000000008002398       0x4c ./Drivers/STM32F4xx_HAL_Driver/Src/stm32f4xx_hal_can.o
                0x0000000008002398                HAL_CAN_ActivateNotification
 .text.HAL_CAN_IRQHandler
                0x00000000080023e4      0x36e ./Drivers/STM32F4xx_HAL_Driver/Src/stm32f4xx_hal_can.o
                0x00000000080023e4                HAL_CAN_IRQHandler
 .text.HAL_CAN_TxMailbox0CompleteCallback
                0x0000000008002752       0x14 ./Drivers/STM32F4xx_HAL_Driver/Src/stm32f4xx_hal_can.o
                0x0000000008002752                HAL_CAN_TxMailbox0CompleteCallback
 .text.HAL_CAN_TxMailbox1CompleteCallback
                0x0000000008002766       0x14 ./Drivers/STM32F4xx_HAL_Driver/Src/stm32f4xx_hal_can.o
                0x0000000008002766                HAL_CAN_TxMailbox1CompleteCallback
 .text.HAL_CAN_TxMailbox2CompleteCallback
                0x000000000800277a       0x14 ./Drivers/STM32F4xx_HAL_Driver/Src/stm32f4xx_hal_can.o
                0x000000000800277a                HAL_CAN_TxMailbox2CompleteCallback
 .text.HAL_CAN_TxMailbox0AbortCallback
                0x000000000800278e       0x14 ./Drivers/STM32F4xx_HAL_Driver/Src/stm32f4xx_hal_can.o
                0x000000000800278e                HAL_CAN_TxMailbox0AbortCallback
 .text.HAL_CAN_TxMailbox1AbortCallback
                0x00000000080027a2       0x14 ./Drivers/STM32F4xx_HAL_Driver/Src/stm32f4xx_hal_can.o
                0x00000000080027a2                HAL_CAN_TxMailbox1AbortCallback
 .text.HAL_CAN_TxMailbox2AbortCallback
                0x00000000080027b6       0x14 ./Drivers/STM32F4xx_HAL_Driver/Src/stm32f4xx_hal_can.o
                0x00000000080027b6                HAL_CAN_TxMailbox2AbortCallback
 .text.HAL_CAN_RxFifo0MsgPendingCallback
                0x00000000080027ca       0x14 ./Drivers/STM32F4xx_HAL_Driver/Src/stm32f4xx_hal_can.o
                0x00000000080027ca                HAL_CAN_RxFifo0MsgPendingCallback
 .text.HAL_CAN_RxFifo0FullCallback
                0x00000000080027de       0x14 ./Drivers/STM32F4xx_HAL_Driver/Src/stm32f4xx_hal_can.o
                0x00000000080027de                HAL_CAN_RxFifo0FullCallback
 .text.HAL_CAN_RxFifo1FullCallback
                0x00000000080027f2       0x14 ./Drivers/STM32F4xx_HAL_Driver/Src/stm32f4xx_hal_can.o
                0x00000000080027f2                HAL_CAN_RxFifo1FullCallback
 .text.HAL_CAN_SleepCallback
                0x0000000008002806       0x14 ./Drivers/STM32F4xx_HAL_Driver/Src/stm32f4xx_hal_can.o
                0x0000000008002806                HAL_CAN_SleepCallback
 .text.HAL_CAN_WakeUpFromRxMsgCallback
                0x000000000800281a       0x14 ./Drivers/STM32F4xx_HAL_Driver/Src/stm32f4xx_hal_can.o
                0x000000000800281a                HAL_CAN_WakeUpFromRxMsgCallback
 .text.HAL_CAN_ErrorCallback
                0x000000000800282e       0x14 ./Drivers/STM32F4xx_HAL_Driver/Src/stm32f4xx_hal_can.o
                0x000000000800282e                HAL_CAN_ErrorCallback
 *fill*         0x0000000008002842        0x2 
 .text.__NVIC_SetPriorityGrouping
                0x0000000008002844       0x48 ./Drivers/STM32F4xx_HAL_Driver/Src/stm32f4xx_hal_cortex.o
 .text.__NVIC_GetPriorityGrouping
                0x000000000800288c       0x1c ./Drivers/STM32F4xx_HAL_Driver/Src/stm32f4xx_hal_cortex.o
 .text.__NVIC_EnableIRQ
                0x00000000080028a8       0x3c ./Drivers/STM32F4xx_HAL_Driver/Src/stm32f4xx_hal_cortex.o
 .text.__NVIC_SetPriority
                0x00000000080028e4       0x54 ./Drivers/STM32F4xx_HAL_Driver/Src/stm32f4xx_hal_cortex.o
 .text.NVIC_EncodePriority
                0x0000000008002938       0x66 ./Drivers/STM32F4xx_HAL_Driver/Src/stm32f4xx_hal_cortex.o
 *fill*         0x000000000800299e        0x2 
 .text.SysTick_Config
                0x00000000080029a0       0x44 ./Drivers/STM32F4xx_HAL_Driver/Src/stm32f4xx_hal_cortex.o
 .text.HAL_NVIC_SetPriorityGrouping
                0x00000000080029e4       0x16 ./Drivers/STM32F4xx_HAL_Driver/Src/stm32f4xx_hal_cortex.o
                0x00000000080029e4                HAL_NVIC_SetPriorityGrouping
 .text.HAL_NVIC_SetPriority
                0x00000000080029fa       0x38 ./Drivers/STM32F4xx_HAL_Driver/Src/stm32f4xx_hal_cortex.o
                0x00000000080029fa                HAL_NVIC_SetPriority
 .text.HAL_NVIC_EnableIRQ
                0x0000000008002a32       0x1c ./Drivers/STM32F4xx_HAL_Driver/Src/stm32f4xx_hal_cortex.o
                0x0000000008002a32                HAL_NVIC_EnableIRQ
 .text.HAL_SYSTICK_Config
                0x0000000008002a4e       0x18 ./Drivers/STM32F4xx_HAL_Driver/Src/stm32f4xx_hal_cortex.o
                0x0000000008002a4e                HAL_SYSTICK_Config
 .text.HAL_SYSTICK_IRQHandler
                0x0000000008002a66        0xc ./Drivers/STM32F4xx_HAL_Driver/Src/stm32f4xx_hal_cortex.o
                0x0000000008002a66                HAL_SYSTICK_IRQHandler
 .text.HAL_CRC_Init
                0x0000000008002a72       0x38 ./Drivers/STM32F4xx_HAL_Driver/Src/stm32f4xx_hal_crc.o
                0x0000000008002a72                HAL_CRC_Init
 *fill*         0x0000000008002aaa        0x2 
 .text.HAL_DMA_Init
                0x0000000008002aac      0x15c ./Drivers/STM32F4xx_HAL_Driver/Src/stm32f4xx_hal_dma.o
                0x0000000008002aac                HAL_DMA_Init
 .text.HAL_DMA_IRQHandler
                0x0000000008002c08      0x314 ./Drivers/STM32F4xx_HAL_Driver/Src/stm32f4xx_hal_dma.o
                0x0000000008002c08                HAL_DMA_IRQHandler
 .text.DMA_CalcBaseAndBitshift
                0x0000000008002f1c       0x6c ./Drivers/STM32F4xx_HAL_Driver/Src/stm32f4xx_hal_dma.o
 .text.DMA_CheckFifoParam
                0x0000000008002f88       0xf8 ./Drivers/STM32F4xx_HAL_Driver/Src/stm32f4xx_hal_dma.o
 .text.HAL_GPIO_Init
                0x0000000008003080      0x338 ./Drivers/STM32F4xx_HAL_Driver/Src/stm32f4xx_hal_gpio.o
                0x0000000008003080                HAL_GPIO_Init
 .text.HAL_GPIO_WritePin
                0x00000000080033b8       0x32 ./Drivers/STM32F4xx_HAL_Driver/Src/stm32f4xx_hal_gpio.o
                0x00000000080033b8                HAL_GPIO_WritePin
 .text.HAL_GPIO_TogglePin
                0x00000000080033ea       0x34 ./Drivers/STM32F4xx_HAL_Driver/Src/stm32f4xx_hal_gpio.o
                0x00000000080033ea                HAL_GPIO_TogglePin
 *fill*         0x000000000800341e        0x2 
 .text.HAL_RCC_OscConfig
                0x0000000008003420      0x4f0 ./Drivers/STM32F4xx_HAL_Driver/Src/stm32f4xx_hal_rcc.o
                0x0000000008003420                HAL_RCC_OscConfig
 .text.HAL_RCC_ClockConfig
                0x0000000008003910      0x1cc ./Drivers/STM32F4xx_HAL_Driver/Src/stm32f4xx_hal_rcc.o
                0x0000000008003910                HAL_RCC_ClockConfig
 .text.HAL_RCC_EnableCSS
                0x0000000008003adc       0x18 ./Drivers/STM32F4xx_HAL_Driver/Src/stm32f4xx_hal_rcc.o
                0x0000000008003adc                HAL_RCC_EnableCSS
 .text.HAL_RCC_GetSysClockFreq
                0x0000000008003af4      0x1c4 ./Drivers/STM32F4xx_HAL_Driver/Src/stm32f4xx_hal_rcc.o
                0x0000000008003af4                HAL_RCC_GetSysClockFreq
 .text.HAL_SPI_Init
                0x0000000008003cb8      0x112 ./Drivers/STM32F4xx_HAL_Driver/Src/stm32f4xx_hal_spi.o
                0x0000000008003cb8                HAL_SPI_Init
 .text.HAL_SPI_TransmitReceive
                0x0000000008003dca      0x344 ./Drivers/STM32F4xx_HAL_Driver/Src/stm32f4xx_hal_spi.o
                0x0000000008003dca                HAL_SPI_TransmitReceive
 *fill*         0x000000000800410e        0x2 
 .text.SPI_WaitFlagStateUntilTimeout
                0x0000000008004110      0x110 ./Drivers/STM32F4xx_HAL_Driver/Src/stm32f4xx_hal_spi.o
 .text.SPI_EndRxTxTransaction
                0x0000000008004220       0x84 ./Drivers/STM32F4xx_HAL_Driver/Src/stm32f4xx_hal_spi.o
 .text.HAL_TIM_Base_Init
                0x00000000080042a4       0x9e ./Drivers/STM32F4xx_HAL_Driver/Src/stm32f4xx_hal_tim.o
                0x00000000080042a4                HAL_TIM_Base_Init
 .text.HAL_TIM_ConfigClockSource
                0x0000000008004342      0x18e ./Drivers/STM32F4xx_HAL_Driver/Src/stm32f4xx_hal_tim.o
                0x0000000008004342                HAL_TIM_ConfigClockSource
 .text.TIM_Base_SetConfig
                0x00000000080044d0      0x140 ./Drivers/STM32F4xx_HAL_Driver/Src/stm32f4xx_hal_tim.o
                0x00000000080044d0                TIM_Base_SetConfig
 .text.TIM_TI1_ConfigInputStage
                0x0000000008004610       0x5e ./Drivers/STM32F4xx_HAL_Driver/Src/stm32f4xx_hal_tim.o
 .text.TIM_TI2_ConfigInputStage
                0x000000000800466e       0x60 ./Drivers/STM32F4xx_HAL_Driver/Src/stm32f4xx_hal_tim.o
 .text.TIM_ITRx_SetConfig
                0x00000000080046ce       0x36 ./Drivers/STM32F4xx_HAL_Driver/Src/stm32f4xx_hal_tim.o
 .text.TIM_ETR_SetConfig
                0x0000000008004704       0x40 ./Drivers/STM32F4xx_HAL_Driver/Src/stm32f4xx_hal_tim.o
                0x0000000008004704                TIM_ETR_SetConfig
 .text.HAL_TIMEx_MasterConfigSynchronization
                0x0000000008004744       0xf8 ./Drivers/STM32F4xx_HAL_Driver/Src/stm32f4xx_hal_tim_ex.o
                0x0000000008004744                HAL_TIMEx_MasterConfigSynchronization
 .text.__libc_init_array
                0x000000000800483c       0x48 c:/st/stm32cubeide_1.5.1/stm32cubeide/plugins/com.st.stm32cube.ide.mcu.externaltools.gnu-tools-for-stm32.9-2020-q2-update.win32_2.0.0.202105311346/tools/bin/../lib/gcc/arm-none-eabi/9.3.1/../../../../arm-none-eabi/lib/thumb/v7e-m+fp/hard\libc_nano.a(lib_a-init.o)
                0x000000000800483c                __libc_init_array
 .text.memset   0x0000000008004884       0x10 c:/st/stm32cubeide_1.5.1/stm32cubeide/plugins/com.st.stm32cube.ide.mcu.externaltools.gnu-tools-for-stm32.9-2020-q2-update.win32_2.0.0.202105311346/tools/bin/../lib/gcc/arm-none-eabi/9.3.1/../../../../arm-none-eabi/lib/thumb/v7e-m+fp/hard\libc_nano.a(lib_a-memset.o)
                0x0000000008004884                memset
 *(.glue_7)
 .glue_7        0x0000000008004894        0x0 linker stubs
 *(.glue_7t)
 .glue_7t       0x0000000008004894        0x0 linker stubs
 *(.eh_frame)
 .eh_frame      0x0000000008004894        0x0 c:/st/stm32cubeide_1.5.1/stm32cubeide/plugins/com.st.stm32cube.ide.mcu.externaltools.gnu-tools-for-stm32.9-2020-q2-update.win32_2.0.0.202105311346/tools/bin/../lib/gcc/arm-none-eabi/9.3.1/thumb/v7e-m+fp/hard/crtbegin.o
 *(.init)
 .init          0x0000000008004894        0x4 c:/st/stm32cubeide_1.5.1/stm32cubeide/plugins/com.st.stm32cube.ide.mcu.externaltools.gnu-tools-for-stm32.9-2020-q2-update.win32_2.0.0.202105311346/tools/bin/../lib/gcc/arm-none-eabi/9.3.1/thumb/v7e-m+fp/hard/crti.o
                0x0000000008004894                _init
 .init          0x0000000008004898        0x8 c:/st/stm32cubeide_1.5.1/stm32cubeide/plugins/com.st.stm32cube.ide.mcu.externaltools.gnu-tools-for-stm32.9-2020-q2-update.win32_2.0.0.202105311346/tools/bin/../lib/gcc/arm-none-eabi/9.3.1/thumb/v7e-m+fp/hard/crtn.o
 *(.fini)
 .fini          0x00000000080048a0        0x4 c:/st/stm32cubeide_1.5.1/stm32cubeide/plugins/com.st.stm32cube.ide.mcu.externaltools.gnu-tools-for-stm32.9-2020-q2-update.win32_2.0.0.202105311346/tools/bin/../lib/gcc/arm-none-eabi/9.3.1/thumb/v7e-m+fp/hard/crti.o
                0x00000000080048a0                _fini
 .fini          0x00000000080048a4        0x8 c:/st/stm32cubeide_1.5.1/stm32cubeide/plugins/com.st.stm32cube.ide.mcu.externaltools.gnu-tools-for-stm32.9-2020-q2-update.win32_2.0.0.202105311346/tools/bin/../lib/gcc/arm-none-eabi/9.3.1/thumb/v7e-m+fp/hard/crtn.o
                0x00000000080048ac                . = ALIGN (0x4)
                0x00000000080048ac                _etext = .

.vfp11_veneer   0x00000000080048ac        0x0
 .vfp11_veneer  0x00000000080048ac        0x0 linker stubs

.v4_bx          0x00000000080048ac        0x0
 .v4_bx         0x00000000080048ac        0x0 linker stubs

.iplt           0x00000000080048ac        0x0
 .iplt          0x00000000080048ac        0x0 c:/st/stm32cubeide_1.5.1/stm32cubeide/plugins/com.st.stm32cube.ide.mcu.externaltools.gnu-tools-for-stm32.9-2020-q2-update.win32_2.0.0.202105311346/tools/bin/../lib/gcc/arm-none-eabi/9.3.1/thumb/v7e-m+fp/hard/crtbegin.o

.rodata         0x00000000080048ac       0x18
                0x00000000080048ac                . = ALIGN (0x4)
 *(.rodata)
 *(.rodata*)
 .rodata.AHBPrescTable
                0x00000000080048ac       0x10 ./Core/Src/system_stm32f4xx.o
                0x00000000080048ac                AHBPrescTable
 .rodata.flagBitshiftOffset.8878
                0x00000000080048bc        0x8 ./Drivers/STM32F4xx_HAL_Driver/Src/stm32f4xx_hal_dma.o
                0x00000000080048c4                . = ALIGN (0x4)

.ARM.extab      0x00000000080048c4        0x0
                0x00000000080048c4                . = ALIGN (0x4)
 *(.ARM.extab* .gnu.linkonce.armextab.*)
                0x00000000080048c4                . = ALIGN (0x4)

.ARM            0x00000000080048c4        0x8
                0x00000000080048c4                . = ALIGN (0x4)
                0x00000000080048c4                __exidx_start = .
 *(.ARM.exidx*)
 .ARM.exidx     0x00000000080048c4        0x8 c:/st/stm32cubeide_1.5.1/stm32cubeide/plugins/com.st.stm32cube.ide.mcu.externaltools.gnu-tools-for-stm32.9-2020-q2-update.win32_2.0.0.202105311346/tools/bin/../lib/gcc/arm-none-eabi/9.3.1/thumb/v7e-m+fp/hard\libgcc.a(_udivmoddi4.o)
                0x00000000080048cc                __exidx_end = .
                0x00000000080048cc                . = ALIGN (0x4)

.rel.dyn        0x00000000080048cc        0x0
 .rel.iplt      0x00000000080048cc        0x0 c:/st/stm32cubeide_1.5.1/stm32cubeide/plugins/com.st.stm32cube.ide.mcu.externaltools.gnu-tools-for-stm32.9-2020-q2-update.win32_2.0.0.202105311346/tools/bin/../lib/gcc/arm-none-eabi/9.3.1/thumb/v7e-m+fp/hard/crtbegin.o

.preinit_array  0x00000000080048cc        0x0
                0x00000000080048cc                . = ALIGN (0x4)
                0x00000000080048cc                PROVIDE (__preinit_array_start = .)
 *(.preinit_array*)
                0x00000000080048cc                PROVIDE (__preinit_array_end = .)
                0x00000000080048cc                . = ALIGN (0x4)

.init_array     0x00000000080048cc        0x4
                0x00000000080048cc                . = ALIGN (0x4)
                0x00000000080048cc                PROVIDE (__init_array_start = .)
 *(SORT_BY_NAME(.init_array.*))
 *(.init_array*)
 .init_array    0x00000000080048cc        0x4 c:/st/stm32cubeide_1.5.1/stm32cubeide/plugins/com.st.stm32cube.ide.mcu.externaltools.gnu-tools-for-stm32.9-2020-q2-update.win32_2.0.0.202105311346/tools/bin/../lib/gcc/arm-none-eabi/9.3.1/thumb/v7e-m+fp/hard/crtbegin.o
                0x00000000080048d0                PROVIDE (__init_array_end = .)
                0x00000000080048d0                . = ALIGN (0x4)

.fini_array     0x00000000080048d0        0x4
                0x00000000080048d0                . = ALIGN (0x4)
                [!provide]                        PROVIDE (__fini_array_start = .)
 *(SORT_BY_NAME(.fini_array.*))
 *(.fini_array*)
 .fini_array    0x00000000080048d0        0x4 c:/st/stm32cubeide_1.5.1/stm32cubeide/plugins/com.st.stm32cube.ide.mcu.externaltools.gnu-tools-for-stm32.9-2020-q2-update.win32_2.0.0.202105311346/tools/bin/../lib/gcc/arm-none-eabi/9.3.1/thumb/v7e-m+fp/hard/crtbegin.o
                [!provide]                        PROVIDE (__fini_array_end = .)
                0x00000000080048d4                . = ALIGN (0x4)
                0x00000000080048d4                _sidata = LOADADDR (.data)

.data           0x0000000020000000       0x18 load address 0x00000000080048d4
                0x0000000020000000                . = ALIGN (0x4)
                0x0000000020000000                _sdata = .
 *(.data)
 *(.data*)
 .data.STM32_TempMonitorID
                0x0000000020000000        0x4 ./Core/Src/GAS_Can.o
                0x0000000020000000                STM32_TempMonitorID
 .data.BatteryInsideID
                0x0000000020000004        0x4 ./Core/Src/GAS_Can.o
                0x0000000020000004                BatteryInsideID
 .data.R_BatteryFanCnt
                0x0000000020000008        0x4 ./Core/Src/GAS_Can.o
                0x0000000020000008                R_BatteryFanCnt
 .data.SystemCoreClock
                0x000000002000000c        0x4 ./Core/Src/system_stm32f4xx.o
                0x000000002000000c                SystemCoreClock
 .data.uwTickPrio
                0x0000000020000010        0x4 ./Drivers/STM32F4xx_HAL_Driver/Src/stm32f4xx_hal.o
                0x0000000020000010                uwTickPrio
 .data.uwTickFreq
                0x0000000020000014        0x1 ./Drivers/STM32F4xx_HAL_Driver/Src/stm32f4xx_hal.o
                0x0000000020000014                uwTickFreq
 *(.RamFunc)
 *(.RamFunc*)
                0x0000000020000018                . = ALIGN (0x4)
 *fill*         0x0000000020000015        0x3 
                0x0000000020000018                _edata = .

.igot.plt       0x0000000020000018        0x0 load address 0x00000000080048ec
 .igot.plt      0x0000000020000018        0x0 c:/st/stm32cubeide_1.5.1/stm32cubeide/plugins/com.st.stm32cube.ide.mcu.externaltools.gnu-tools-for-stm32.9-2020-q2-update.win32_2.0.0.202105311346/tools/bin/../lib/gcc/arm-none-eabi/9.3.1/thumb/v7e-m+fp/hard/crtbegin.o
                0x0000000020000018                . = ALIGN (0x4)

.bss            0x0000000020000018      0x3dc load address 0x00000000080048ec
                0x0000000020000018                _sbss = .
                0x0000000020000018                __bss_start__ = _sbss
 *(.bss)
 .bss           0x0000000020000018       0x1c c:/st/stm32cubeide_1.5.1/stm32cubeide/plugins/com.st.stm32cube.ide.mcu.externaltools.gnu-tools-for-stm32.9-2020-q2-update.win32_2.0.0.202105311346/tools/bin/../lib/gcc/arm-none-eabi/9.3.1/thumb/v7e-m+fp/hard/crtbegin.o
 *(.bss*)
 .bss.Count300ms
                0x0000000020000034        0x1 ./Core/Src/GAS_Scheduler.o
                0x0000000020000034                Count300ms
 .bss.CScount   0x0000000020000035        0x1 ./Core/Src/GAS_Scheduler.o
                0x0000000020000035                CScount
 *fill*         0x0000000020000036        0x2 
 .bss.HAL_RCC_CAN1_CLK_ENABLED
                0x0000000020000038        0x4 ./Core/Src/can.o
 *(COMMON)
 COMMON         0x000000002000003c       0x78 ./Core/Src/GAS_BulkADC.o
                0x000000002000003c                MCP3208
                0x000000002000004c                T_BatteryTemp
                0x0000000020000054                CellTemp
 COMMON         0x00000000200000b4       0xb8 ./Core/Src/GAS_Can.o
                0x00000000200000b4                T_BatteryInfo
                0x00000000200000bc                sFilterConfig
                0x00000000200000e4                canTxHeader
                0x00000000200000fc                TxMailBox
                0x0000000020000100                canRx0Data
                0x0000000020000108                canRxHeader
                0x0000000020000124                R_BatteryDiagnose
                0x000000002000012c                canTxHeader2
                0x0000000020000144                sFilterConfig2
 COMMON         0x000000002000016c        0xc ./Core/Src/GAS_Scheduler.o
                0x000000002000016c                gTask
                0x0000000020000171                pin_state
                0x0000000020000174                gTimerCnt
 COMMON         0x0000000020000178      0x138 ./Core/Src/adc.o
                0x0000000020000178                hadc2
                0x00000000200001c0                hadc1
                0x0000000020000208                hadc3
                0x0000000020000250                hdma_adc1
 COMMON         0x00000000200002b0       0x50 ./Core/Src/can.o
                0x00000000200002b0                hcan2
                0x00000000200002d8                hcan1
 COMMON         0x0000000020000300        0x8 ./Core/Src/crc.o
                0x0000000020000300                hcrc
 COMMON         0x0000000020000308       0x58 ./Core/Src/spi.o
                0x0000000020000308                hspi3
 COMMON         0x0000000020000360       0x90 ./Core/Src/tim.o
                0x0000000020000360                htim3
                0x00000000200003a8                htim12
 COMMON         0x00000000200003f0        0x4 ./Drivers/STM32F4xx_HAL_Driver/Src/stm32f4xx_hal.o
                0x00000000200003f0                uwTick
                0x00000000200003f4                . = ALIGN (0x4)
                0x00000000200003f4                _ebss = .
                0x00000000200003f4                __bss_end__ = _ebss

._user_heap_stack
                0x00000000200003f4      0x604 load address 0x00000000080048ec
                0x00000000200003f8                . = ALIGN (0x8)
 *fill*         0x00000000200003f4        0x4 
                [!provide]                        PROVIDE (end = .)
                0x00000000200003f8                PROVIDE (_end = .)
                0x00000000200005f8                . = (. + _Min_Heap_Size)
 *fill*         0x00000000200003f8      0x200 
                0x00000000200009f8                . = (. + _Min_Stack_Size)
 *fill*         0x00000000200005f8      0x400 
                0x00000000200009f8                . = ALIGN (0x8)

/DISCARD/
 libc.a(*)
 libm.a(*)
 libgcc.a(*)

.ARM.attributes
                0x0000000000000000       0x30
 *(.ARM.attributes)
 .ARM.attributes
                0x0000000000000000       0x1e c:/st/stm32cubeide_1.5.1/stm32cubeide/plugins/com.st.stm32cube.ide.mcu.externaltools.gnu-tools-for-stm32.9-2020-q2-update.win32_2.0.0.202105311346/tools/bin/../lib/gcc/arm-none-eabi/9.3.1/thumb/v7e-m+fp/hard/crti.o
 .ARM.attributes
                0x000000000000001e       0x34 c:/st/stm32cubeide_1.5.1/stm32cubeide/plugins/com.st.stm32cube.ide.mcu.externaltools.gnu-tools-for-stm32.9-2020-q2-update.win32_2.0.0.202105311346/tools/bin/../lib/gcc/arm-none-eabi/9.3.1/thumb/v7e-m+fp/hard/crtbegin.o
 .ARM.attributes
                0x0000000000000052       0x34 ./Core/Src/GAS_BulkADC.o
 .ARM.attributes
                0x0000000000000086       0x34 ./Core/Src/GAS_Can.o
 .ARM.attributes
                0x00000000000000ba       0x34 ./Core/Src/GAS_Scheduler.o
 .ARM.attributes
                0x00000000000000ee       0x34 ./Core/Src/GAS_Spi.o
 .ARM.attributes
                0x0000000000000122       0x34 ./Core/Src/adc.o
 .ARM.attributes
                0x0000000000000156       0x34 ./Core/Src/can.o
 .ARM.attributes
                0x000000000000018a       0x34 ./Core/Src/crc.o
 .ARM.attributes
                0x00000000000001be       0x34 ./Core/Src/dma.o
 .ARM.attributes
                0x00000000000001f2       0x34 ./Core/Src/gpio.o
 .ARM.attributes
                0x0000000000000226       0x34 ./Core/Src/main.o
 .ARM.attributes
                0x000000000000025a       0x34 ./Core/Src/spi.o
 .ARM.attributes
                0x000000000000028e       0x34 ./Core/Src/stm32f4xx_hal_msp.o
 .ARM.attributes
                0x00000000000002c2       0x34 ./Core/Src/stm32f4xx_it.o
 .ARM.attributes
                0x00000000000002f6       0x34 ./Core/Src/system_stm32f4xx.o
 .ARM.attributes
                0x000000000000032a       0x34 ./Core/Src/tim.o
 .ARM.attributes
                0x000000000000035e       0x21 ./Core/Startup/startup_stm32f405rgtx.o
 .ARM.attributes
                0x000000000000037f       0x34 ./Drivers/STM32F4xx_HAL_Driver/Src/stm32f4xx_hal.o
 .ARM.attributes
                0x00000000000003b3       0x34 ./Drivers/STM32F4xx_HAL_Driver/Src/stm32f4xx_hal_adc.o
 .ARM.attributes
                0x00000000000003e7       0x34 ./Drivers/STM32F4xx_HAL_Driver/Src/stm32f4xx_hal_can.o
 .ARM.attributes
                0x000000000000041b       0x34 ./Drivers/STM32F4xx_HAL_Driver/Src/stm32f4xx_hal_cortex.o
 .ARM.attributes
                0x000000000000044f       0x34 ./Drivers/STM32F4xx_HAL_Driver/Src/stm32f4xx_hal_crc.o
 .ARM.attributes
                0x0000000000000483       0x34 ./Drivers/STM32F4xx_HAL_Driver/Src/stm32f4xx_hal_dma.o
 .ARM.attributes
                0x00000000000004b7       0x34 ./Drivers/STM32F4xx_HAL_Driver/Src/stm32f4xx_hal_gpio.o
 .ARM.attributes
                0x00000000000004eb       0x34 ./Drivers/STM32F4xx_HAL_Driver/Src/stm32f4xx_hal_rcc.o
 .ARM.attributes
                0x000000000000051f       0x34 ./Drivers/STM32F4xx_HAL_Driver/Src/stm32f4xx_hal_spi.o
 .ARM.attributes
                0x0000000000000553       0x34 ./Drivers/STM32F4xx_HAL_Driver/Src/stm32f4xx_hal_tim.o
 .ARM.attributes
                0x0000000000000587       0x34 ./Drivers/STM32F4xx_HAL_Driver/Src/stm32f4xx_hal_tim_ex.o
 .ARM.attributes
                0x00000000000005bb       0x34 c:/st/stm32cubeide_1.5.1/stm32cubeide/plugins/com.st.stm32cube.ide.mcu.externaltools.gnu-tools-for-stm32.9-2020-q2-update.win32_2.0.0.202105311346/tools/bin/../lib/gcc/arm-none-eabi/9.3.1/../../../../arm-none-eabi/lib/thumb/v7e-m+fp/hard\libc_nano.a(lib_a-init.o)
 .ARM.attributes
                0x00000000000005ef       0x34 c:/st/stm32cubeide_1.5.1/stm32cubeide/plugins/com.st.stm32cube.ide.mcu.externaltools.gnu-tools-for-stm32.9-2020-q2-update.win32_2.0.0.202105311346/tools/bin/../lib/gcc/arm-none-eabi/9.3.1/../../../../arm-none-eabi/lib/thumb/v7e-m+fp/hard\libc_nano.a(lib_a-memset.o)
 .ARM.attributes
                0x0000000000000623       0x1e c:/st/stm32cubeide_1.5.1/stm32cubeide/plugins/com.st.stm32cube.ide.mcu.externaltools.gnu-tools-for-stm32.9-2020-q2-update.win32_2.0.0.202105311346/tools/bin/../lib/gcc/arm-none-eabi/9.3.1/thumb/v7e-m+fp/hard\libgcc.a(_aeabi_uldivmod.o)
 .ARM.attributes
                0x0000000000000641       0x34 c:/st/stm32cubeide_1.5.1/stm32cubeide/plugins/com.st.stm32cube.ide.mcu.externaltools.gnu-tools-for-stm32.9-2020-q2-update.win32_2.0.0.202105311346/tools/bin/../lib/gcc/arm-none-eabi/9.3.1/thumb/v7e-m+fp/hard\libgcc.a(_udivmoddi4.o)
 .ARM.attributes
                0x0000000000000675       0x1e c:/st/stm32cubeide_1.5.1/stm32cubeide/plugins/com.st.stm32cube.ide.mcu.externaltools.gnu-tools-for-stm32.9-2020-q2-update.win32_2.0.0.202105311346/tools/bin/../lib/gcc/arm-none-eabi/9.3.1/thumb/v7e-m+fp/hard\libgcc.a(_dvmd_tls.o)
 .ARM.attributes
                0x0000000000000693       0x1e c:/st/stm32cubeide_1.5.1/stm32cubeide/plugins/com.st.stm32cube.ide.mcu.externaltools.gnu-tools-for-stm32.9-2020-q2-update.win32_2.0.0.202105311346/tools/bin/../lib/gcc/arm-none-eabi/9.3.1/thumb/v7e-m+fp/hard/crtn.o
OUTPUT(Battery_Temp_Monitor.elf elf32-littlearm)
LOAD linker stubs
LOAD c:/st/stm32cubeide_1.5.1/stm32cubeide/plugins/com.st.stm32cube.ide.mcu.externaltools.gnu-tools-for-stm32.9-2020-q2-update.win32_2.0.0.202105311346/tools/bin/../lib/gcc/arm-none-eabi/9.3.1/../../../../arm-none-eabi/lib/thumb/v7e-m+fp/hard\libc.a
LOAD c:/st/stm32cubeide_1.5.1/stm32cubeide/plugins/com.st.stm32cube.ide.mcu.externaltools.gnu-tools-for-stm32.9-2020-q2-update.win32_2.0.0.202105311346/tools/bin/../lib/gcc/arm-none-eabi/9.3.1/../../../../arm-none-eabi/lib/thumb/v7e-m+fp/hard\libm.a
LOAD c:/st/stm32cubeide_1.5.1/stm32cubeide/plugins/com.st.stm32cube.ide.mcu.externaltools.gnu-tools-for-stm32.9-2020-q2-update.win32_2.0.0.202105311346/tools/bin/../lib/gcc/arm-none-eabi/9.3.1/thumb/v7e-m+fp/hard\libgcc.a

.debug_info     0x0000000000000000    0x15f80
 .debug_info    0x0000000000000000      0xef8 ./Core/Src/GAS_BulkADC.o
 .debug_info    0x0000000000000ef8     0x13fe ./Core/Src/GAS_Can.o
 .debug_info    0x00000000000022f6     0x1f22 ./Core/Src/GAS_Scheduler.o
 .debug_info    0x0000000000004218      0x7fd ./Core/Src/GAS_Spi.o
 .debug_info    0x0000000000004a15      0xbd2 ./Core/Src/adc.o
 .debug_info    0x00000000000055e7      0xbd1 ./Core/Src/can.o
 .debug_info    0x00000000000061b8      0x52a ./Core/Src/crc.o
 .debug_info    0x00000000000066e2      0x58a ./Core/Src/dma.o
 .debug_info    0x0000000000006c6c      0x512 ./Core/Src/gpio.o
 .debug_info    0x000000000000717e     0x162f ./Core/Src/main.o
 .debug_info    0x00000000000087ad      0xa5a ./Core/Src/spi.o
 .debug_info    0x0000000000009207      0x394 ./Core/Src/stm32f4xx_hal_msp.o
 .debug_info    0x000000000000959b      0x8f2 ./Core/Src/stm32f4xx_it.o
 .debug_info    0x0000000000009e8d      0x5a4 ./Core/Src/system_stm32f4xx.o
 .debug_info    0x000000000000a431      0xac0 ./Core/Src/tim.o
 .debug_info    0x000000000000aef1       0x22 ./Core/Startup/startup_stm32f405rgtx.o
 .debug_info    0x000000000000af13      0x9a0 ./Drivers/STM32F4xx_HAL_Driver/Src/stm32f4xx_hal.o
 .debug_info    0x000000000000b8b3      0xdbc ./Drivers/STM32F4xx_HAL_Driver/Src/stm32f4xx_hal_adc.o
 .debug_info    0x000000000000c66f     0x1089 ./Drivers/STM32F4xx_HAL_Driver/Src/stm32f4xx_hal_can.o
 .debug_info    0x000000000000d6f8      0xec5 ./Drivers/STM32F4xx_HAL_Driver/Src/stm32f4xx_hal_cortex.o
 .debug_info    0x000000000000e5bd      0x47a ./Drivers/STM32F4xx_HAL_Driver/Src/stm32f4xx_hal_crc.o
 .debug_info    0x000000000000ea37      0x9f1 ./Drivers/STM32F4xx_HAL_Driver/Src/stm32f4xx_hal_dma.o
 .debug_info    0x000000000000f428      0x83e ./Drivers/STM32F4xx_HAL_Driver/Src/stm32f4xx_hal_gpio.o
 .debug_info    0x000000000000fc66      0x996 ./Drivers/STM32F4xx_HAL_Driver/Src/stm32f4xx_hal_rcc.o
 .debug_info    0x00000000000105fc     0x17c0 ./Drivers/STM32F4xx_HAL_Driver/Src/stm32f4xx_hal_spi.o
 .debug_info    0x0000000000011dbc     0x2c22 ./Drivers/STM32F4xx_HAL_Driver/Src/stm32f4xx_hal_tim.o
 .debug_info    0x00000000000149de     0x15a2 ./Drivers/STM32F4xx_HAL_Driver/Src/stm32f4xx_hal_tim_ex.o

.debug_abbrev   0x0000000000000000     0x3614
 .debug_abbrev  0x0000000000000000      0x2be ./Core/Src/GAS_BulkADC.o
 .debug_abbrev  0x00000000000002be      0x2df ./Core/Src/GAS_Can.o
 .debug_abbrev  0x000000000000059d      0x38b ./Core/Src/GAS_Scheduler.o
 .debug_abbrev  0x0000000000000928      0x1bd ./Core/Src/GAS_Spi.o
 .debug_abbrev  0x0000000000000ae5      0x20c ./Core/Src/adc.o
 .debug_abbrev  0x0000000000000cf1      0x1de ./Core/Src/can.o
 .debug_abbrev  0x0000000000000ecf      0x177 ./Core/Src/crc.o
 .debug_abbrev  0x0000000000001046      0x11b ./Core/Src/dma.o
 .debug_abbrev  0x0000000000001161      0x14e ./Core/Src/gpio.o
 .debug_abbrev  0x00000000000012af      0x232 ./Core/Src/main.o
 .debug_abbrev  0x00000000000014e1      0x1bb ./Core/Src/spi.o
 .debug_abbrev  0x000000000000169c      0x11d ./Core/Src/stm32f4xx_hal_msp.o
 .debug_abbrev  0x00000000000017b9      0x1bf ./Core/Src/stm32f4xx_it.o
 .debug_abbrev  0x0000000000001978      0x145 ./Core/Src/system_stm32f4xx.o
 .debug_abbrev  0x0000000000001abd      0x1d9 ./Core/Src/tim.o
 .debug_abbrev  0x0000000000001c96       0x12 ./Core/Startup/startup_stm32f405rgtx.o
 .debug_abbrev  0x0000000000001ca8      0x1ed ./Drivers/STM32F4xx_HAL_Driver/Src/stm32f4xx_hal.o
 .debug_abbrev  0x0000000000001e95      0x22f ./Drivers/STM32F4xx_HAL_Driver/Src/stm32f4xx_hal_adc.o
 .debug_abbrev  0x00000000000020c4      0x246 ./Drivers/STM32F4xx_HAL_Driver/Src/stm32f4xx_hal_can.o
 .debug_abbrev  0x000000000000230a      0x33c ./Drivers/STM32F4xx_HAL_Driver/Src/stm32f4xx_hal_cortex.o
 .debug_abbrev  0x0000000000002646      0x1dd ./Drivers/STM32F4xx_HAL_Driver/Src/stm32f4xx_hal_crc.o
 .debug_abbrev  0x0000000000002823      0x259 ./Drivers/STM32F4xx_HAL_Driver/Src/stm32f4xx_hal_dma.o
 .debug_abbrev  0x0000000000002a7c      0x1f1 ./Drivers/STM32F4xx_HAL_Driver/Src/stm32f4xx_hal_gpio.o
 .debug_abbrev  0x0000000000002c6d      0x275 ./Drivers/STM32F4xx_HAL_Driver/Src/stm32f4xx_hal_rcc.o
 .debug_abbrev  0x0000000000002ee2      0x26e ./Drivers/STM32F4xx_HAL_Driver/Src/stm32f4xx_hal_spi.o
 .debug_abbrev  0x0000000000003150      0x25e ./Drivers/STM32F4xx_HAL_Driver/Src/stm32f4xx_hal_tim.o
 .debug_abbrev  0x00000000000033ae      0x266 ./Drivers/STM32F4xx_HAL_Driver/Src/stm32f4xx_hal_tim_ex.o

.debug_aranges  0x0000000000000000     0x1050
 .debug_aranges
                0x0000000000000000       0x30 ./Core/Src/GAS_BulkADC.o
 .debug_aranges
                0x0000000000000030       0x50 ./Core/Src/GAS_Can.o
 .debug_aranges
                0x0000000000000080       0x40 ./Core/Src/GAS_Scheduler.o
 .debug_aranges
                0x00000000000000c0       0x28 ./Core/Src/GAS_Spi.o
 .debug_aranges
                0x00000000000000e8       0x40 ./Core/Src/adc.o
 .debug_aranges
                0x0000000000000128       0x38 ./Core/Src/can.o
 .debug_aranges
                0x0000000000000160       0x30 ./Core/Src/crc.o
 .debug_aranges
                0x0000000000000190       0x20 ./Core/Src/dma.o
 .debug_aranges
                0x00000000000001b0       0x20 ./Core/Src/gpio.o
 .debug_aranges
                0x00000000000001d0       0x30 ./Core/Src/main.o
 .debug_aranges
                0x0000000000000200       0x30 ./Core/Src/spi.o
 .debug_aranges
                0x0000000000000230       0x20 ./Core/Src/stm32f4xx_hal_msp.o
 .debug_aranges
                0x0000000000000250       0x88 ./Core/Src/stm32f4xx_it.o
 .debug_aranges
                0x00000000000002d8       0x28 ./Core/Src/system_stm32f4xx.o
 .debug_aranges
                0x0000000000000300       0x38 ./Core/Src/tim.o
 .debug_aranges
                0x0000000000000338       0x28 ./Core/Startup/startup_stm32f405rgtx.o
 .debug_aranges
                0x0000000000000360       0xf0 ./Drivers/STM32F4xx_HAL_Driver/Src/stm32f4xx_hal.o
 .debug_aranges
                0x0000000000000450       0xe8 ./Drivers/STM32F4xx_HAL_Driver/Src/stm32f4xx_hal_adc.o
 .debug_aranges
                0x0000000000000538      0x138 ./Drivers/STM32F4xx_HAL_Driver/Src/stm32f4xx_hal_can.o
 .debug_aranges
                0x0000000000000670      0x118 ./Drivers/STM32F4xx_HAL_Driver/Src/stm32f4xx_hal_cortex.o
 .debug_aranges
                0x0000000000000788       0x50 ./Drivers/STM32F4xx_HAL_Driver/Src/stm32f4xx_hal_crc.o
 .debug_aranges
                0x00000000000007d8       0x90 ./Drivers/STM32F4xx_HAL_Driver/Src/stm32f4xx_hal_dma.o
 .debug_aranges
                0x0000000000000868       0x58 ./Drivers/STM32F4xx_HAL_Driver/Src/stm32f4xx_hal_gpio.o
 .debug_aranges
                0x00000000000008c0       0x88 ./Drivers/STM32F4xx_HAL_Driver/Src/stm32f4xx_hal_rcc.o
 .debug_aranges
                0x0000000000000948      0x1d0 ./Drivers/STM32F4xx_HAL_Driver/Src/stm32f4xx_hal_spi.o
 .debug_aranges
                0x0000000000000b18      0x3d0 ./Drivers/STM32F4xx_HAL_Driver/Src/stm32f4xx_hal_tim.o
 .debug_aranges
                0x0000000000000ee8      0x168 ./Drivers/STM32F4xx_HAL_Driver/Src/stm32f4xx_hal_tim_ex.o

.debug_ranges   0x0000000000000000      0xea8
 .debug_ranges  0x0000000000000000       0x20 ./Core/Src/GAS_BulkADC.o
 .debug_ranges  0x0000000000000020       0x40 ./Core/Src/GAS_Can.o
 .debug_ranges  0x0000000000000060       0x30 ./Core/Src/GAS_Scheduler.o
 .debug_ranges  0x0000000000000090       0x18 ./Core/Src/GAS_Spi.o
 .debug_ranges  0x00000000000000a8       0x30 ./Core/Src/adc.o
 .debug_ranges  0x00000000000000d8       0x28 ./Core/Src/can.o
 .debug_ranges  0x0000000000000100       0x20 ./Core/Src/crc.o
 .debug_ranges  0x0000000000000120       0x10 ./Core/Src/dma.o
 .debug_ranges  0x0000000000000130       0x10 ./Core/Src/gpio.o
 .debug_ranges  0x0000000000000140       0x20 ./Core/Src/main.o
 .debug_ranges  0x0000000000000160       0x20 ./Core/Src/spi.o
 .debug_ranges  0x0000000000000180       0x10 ./Core/Src/stm32f4xx_hal_msp.o
 .debug_ranges  0x0000000000000190       0x78 ./Core/Src/stm32f4xx_it.o
 .debug_ranges  0x0000000000000208       0x18 ./Core/Src/system_stm32f4xx.o
 .debug_ranges  0x0000000000000220       0x28 ./Core/Src/tim.o
 .debug_ranges  0x0000000000000248       0x20 ./Core/Startup/startup_stm32f405rgtx.o
 .debug_ranges  0x0000000000000268       0xe0 ./Drivers/STM32F4xx_HAL_Driver/Src/stm32f4xx_hal.o
 .debug_ranges  0x0000000000000348       0xd8 ./Drivers/STM32F4xx_HAL_Driver/Src/stm32f4xx_hal_adc.o
 .debug_ranges  0x0000000000000420      0x128 ./Drivers/STM32F4xx_HAL_Driver/Src/stm32f4xx_hal_can.o
 .debug_ranges  0x0000000000000548      0x108 ./Drivers/STM32F4xx_HAL_Driver/Src/stm32f4xx_hal_cortex.o
 .debug_ranges  0x0000000000000650       0x40 ./Drivers/STM32F4xx_HAL_Driver/Src/stm32f4xx_hal_crc.o
 .debug_ranges  0x0000000000000690       0x80 ./Drivers/STM32F4xx_HAL_Driver/Src/stm32f4xx_hal_dma.o
 .debug_ranges  0x0000000000000710       0x48 ./Drivers/STM32F4xx_HAL_Driver/Src/stm32f4xx_hal_gpio.o
 .debug_ranges  0x0000000000000758       0x78 ./Drivers/STM32F4xx_HAL_Driver/Src/stm32f4xx_hal_rcc.o
 .debug_ranges  0x00000000000007d0      0x1c0 ./Drivers/STM32F4xx_HAL_Driver/Src/stm32f4xx_hal_spi.o
 .debug_ranges  0x0000000000000990      0x3c0 ./Drivers/STM32F4xx_HAL_Driver/Src/stm32f4xx_hal_tim.o
 .debug_ranges  0x0000000000000d50      0x158 ./Drivers/STM32F4xx_HAL_Driver/Src/stm32f4xx_hal_tim_ex.o

.debug_macro    0x0000000000000000    0x23863
 .debug_macro   0x0000000000000000      0x245 ./Core/Src/GAS_BulkADC.o
 .debug_macro   0x0000000000000245      0xaa8 ./Core/Src/GAS_BulkADC.o
 .debug_macro   0x0000000000000ced      0x2af ./Core/Src/GAS_BulkADC.o
 .debug_macro   0x0000000000000f9c       0x2e ./Core/Src/GAS_BulkADC.o
 .debug_macro   0x0000000000000fca       0x2f ./Core/Src/GAS_BulkADC.o
 .debug_macro   0x0000000000000ff9       0x22 ./Core/Src/GAS_BulkADC.o
 .debug_macro   0x000000000000101b       0x8e ./Core/Src/GAS_BulkADC.o
 .debug_macro   0x00000000000010a9       0x51 ./Core/Src/GAS_BulkADC.o
 .debug_macro   0x00000000000010fa      0x103 ./Core/Src/GAS_BulkADC.o
 .debug_macro   0x00000000000011fd       0x6a ./Core/Src/GAS_BulkADC.o
 .debug_macro   0x0000000000001267      0x1df ./Core/Src/GAS_BulkADC.o
 .debug_macro   0x0000000000001446       0x1c ./Core/Src/GAS_BulkADC.o
 .debug_macro   0x0000000000001462       0x22 ./Core/Src/GAS_BulkADC.o
 .debug_macro   0x0000000000001484       0xdf ./Core/Src/GAS_BulkADC.o
 .debug_macro   0x0000000000001563     0x102d ./Core/Src/GAS_BulkADC.o
 .debug_macro   0x0000000000002590      0x11f ./Core/Src/GAS_BulkADC.o
 .debug_macro   0x00000000000026af    0x1426d ./Core/Src/GAS_BulkADC.o
 .debug_macro   0x000000000001691c       0x6d ./Core/Src/GAS_BulkADC.o
 .debug_macro   0x0000000000016989     0x3666 ./Core/Src/GAS_BulkADC.o
 .debug_macro   0x0000000000019fef      0x174 ./Core/Src/GAS_BulkADC.o
 .debug_macro   0x000000000001a163       0x5a ./Core/Src/GAS_BulkADC.o
 .debug_macro   0x000000000001a1bd      0x8a7 ./Core/Src/GAS_BulkADC.o
 .debug_macro   0x000000000001aa64      0x9fe ./Core/Src/GAS_BulkADC.o
 .debug_macro   0x000000000001b462      0x116 ./Core/Src/GAS_BulkADC.o
 .debug_macro   0x000000000001b578      0x130 ./Core/Src/GAS_BulkADC.o
 .debug_macro   0x000000000001b6a8       0xa5 ./Core/Src/GAS_BulkADC.o
 .debug_macro   0x000000000001b74d      0x174 ./Core/Src/GAS_BulkADC.o
 .debug_macro   0x000000000001b8c1      0x287 ./Core/Src/GAS_BulkADC.o
 .debug_macro   0x000000000001bb48       0x5f ./Core/Src/GAS_BulkADC.o
 .debug_macro   0x000000000001bba7      0x236 ./Core/Src/GAS_BulkADC.o
 .debug_macro   0x000000000001bddd      0xb5b ./Core/Src/GAS_BulkADC.o
 .debug_macro   0x000000000001c938      0x38b ./Core/Src/GAS_BulkADC.o
 .debug_macro   0x000000000001ccc3      0x176 ./Core/Src/GAS_BulkADC.o
 .debug_macro   0x000000000001ce39       0xf9 ./Core/Src/GAS_BulkADC.o
 .debug_macro   0x000000000001cf32      0x40f ./Core/Src/GAS_BulkADC.o
 .debug_macro   0x000000000001d341       0x22 ./Core/Src/GAS_BulkADC.o
 .debug_macro   0x000000000001d363      0x12c ./Core/Src/GAS_BulkADC.o
 .debug_macro   0x000000000001d48f      0x21e ./Core/Src/GAS_BulkADC.o
 .debug_macro   0x000000000001d6ad       0x2e ./Core/Src/GAS_BulkADC.o
 .debug_macro   0x000000000001d6db      0x11a ./Core/Src/GAS_BulkADC.o
 .debug_macro   0x000000000001d7f5       0x7e ./Core/Src/GAS_BulkADC.o
 .debug_macro   0x000000000001d873       0x89 ./Core/Src/GAS_BulkADC.o
 .debug_macro   0x000000000001d8fc      0x225 ./Core/Src/GAS_BulkADC.o
 .debug_macro   0x000000000001db21      0x8d1 ./Core/Src/GAS_BulkADC.o
 .debug_macro   0x000000000001e3f2       0x47 ./Core/Src/GAS_BulkADC.o
 .debug_macro   0x000000000001e439      0x12d ./Core/Src/GAS_BulkADC.o
 .debug_macro   0x000000000001e566       0x64 ./Core/Src/GAS_BulkADC.o
 .debug_macro   0x000000000001e5ca      0x39a ./Core/Src/GAS_Can.o
 .debug_macro   0x000000000001e964      0xb55 ./Core/Src/GAS_Can.o
 .debug_macro   0x000000000001f4b9      0x409 ./Core/Src/GAS_Can.o
 .debug_macro   0x000000000001f8c2       0x6a ./Core/Src/GAS_Can.o
 .debug_macro   0x000000000001f92c       0x52 ./Core/Src/GAS_Can.o
 .debug_macro   0x000000000001f97e       0x18 ./Core/Src/GAS_Can.o
 .debug_macro   0x000000000001f996       0x3c ./Core/Src/GAS_Can.o
 .debug_macro   0x000000000001f9d2       0x34 ./Core/Src/GAS_Can.o
 .debug_macro   0x000000000001fa06       0x16 ./Core/Src/GAS_Can.o
 .debug_macro   0x000000000001fa1c       0x35 ./Core/Src/GAS_Can.o
 .debug_macro   0x000000000001fa51      0x333 ./Core/Src/GAS_Can.o
 .debug_macro   0x000000000001fd84       0x10 ./Core/Src/GAS_Can.o
 .debug_macro   0x000000000001fd94       0x16 ./Core/Src/GAS_Can.o
 .debug_macro   0x000000000001fdaa       0x43 ./Core/Src/GAS_Can.o
 .debug_macro   0x000000000001fded       0x34 ./Core/Src/GAS_Can.o
 .debug_macro   0x000000000001fe21       0x10 ./Core/Src/GAS_Can.o
 .debug_macro   0x000000000001fe31       0x58 ./Core/Src/GAS_Can.o
 .debug_macro   0x000000000001fe89       0x71 ./Core/Src/GAS_Can.o
 .debug_macro   0x000000000001fefa       0x1c ./Core/Src/GAS_Can.o
 .debug_macro   0x000000000001ff16      0x12a ./Core/Src/GAS_Can.o
 .debug_macro   0x0000000000020040       0x10 ./Core/Src/GAS_Can.o
 .debug_macro   0x0000000000020050       0x1c ./Core/Src/GAS_Can.o
 .debug_macro   0x000000000002006c       0x52 ./Core/Src/GAS_Can.o
 .debug_macro   0x00000000000200be       0x22 ./Core/Src/GAS_Can.o
 .debug_macro   0x00000000000200e0       0x10 ./Core/Src/GAS_Can.o
 .debug_macro   0x00000000000200f0       0x40 ./Core/Src/GAS_Can.o
 .debug_macro   0x0000000000020130       0xd5 ./Core/Src/GAS_Can.o
 .debug_macro   0x0000000000020205       0x1c ./Core/Src/GAS_Can.o
 .debug_macro   0x0000000000020221       0x3d ./Core/Src/GAS_Can.o
 .debug_macro   0x000000000002025e       0x16 ./Core/Src/GAS_Can.o
 .debug_macro   0x0000000000020274      0x145 ./Core/Src/GAS_Can.o
 .debug_macro   0x00000000000203b9      0x3c8 ./Core/Src/GAS_Scheduler.o
 .debug_macro   0x0000000000020781      0x227 ./Core/Src/GAS_Spi.o
 .debug_macro   0x00000000000209a8      0x223 ./Core/Src/adc.o
 .debug_macro   0x0000000000020bcb      0x223 ./Core/Src/can.o
 .debug_macro   0x0000000000020dee      0x223 ./Core/Src/crc.o
 .debug_macro   0x0000000000021011      0x223 ./Core/Src/dma.o
 .debug_macro   0x0000000000021234      0x223 ./Core/Src/gpio.o
 .debug_macro   0x0000000000021457      0x263 ./Core/Src/main.o
 .debug_macro   0x00000000000216ba      0x223 ./Core/Src/spi.o
 .debug_macro   0x00000000000218dd      0x219 ./Core/Src/stm32f4xx_hal_msp.o
 .debug_macro   0x0000000000021af6      0x223 ./Core/Src/stm32f4xx_it.o
 .debug_macro   0x0000000000021d19      0x210 ./Core/Src/system_stm32f4xx.o
 .debug_macro   0x0000000000021f29      0x223 ./Core/Src/tim.o
 .debug_macro   0x000000000002214c      0x26a ./Drivers/STM32F4xx_HAL_Driver/Src/stm32f4xx_hal.o
 .debug_macro   0x00000000000223b6      0x20b ./Drivers/STM32F4xx_HAL_Driver/Src/stm32f4xx_hal_adc.o
 .debug_macro   0x00000000000225c1      0x212 ./Drivers/STM32F4xx_HAL_Driver/Src/stm32f4xx_hal_can.o
 .debug_macro   0x00000000000227d3      0x20a ./Drivers/STM32F4xx_HAL_Driver/Src/stm32f4xx_hal_cortex.o
 .debug_macro   0x00000000000229dd      0x20a ./Drivers/STM32F4xx_HAL_Driver/Src/stm32f4xx_hal_crc.o
 .debug_macro   0x0000000000022be7      0x210 ./Drivers/STM32F4xx_HAL_Driver/Src/stm32f4xx_hal_dma.o
 .debug_macro   0x0000000000022df7      0x210 ./Drivers/STM32F4xx_HAL_Driver/Src/stm32f4xx_hal_gpio.o
 .debug_macro   0x0000000000023007      0x22e ./Drivers/STM32F4xx_HAL_Driver/Src/stm32f4xx_hal_rcc.o
 .debug_macro   0x0000000000023235      0x219 ./Drivers/STM32F4xx_HAL_Driver/Src/stm32f4xx_hal_spi.o
 .debug_macro   0x000000000002344e      0x20b ./Drivers/STM32F4xx_HAL_Driver/Src/stm32f4xx_hal_tim.o
 .debug_macro   0x0000000000023659      0x20a ./Drivers/STM32F4xx_HAL_Driver/Src/stm32f4xx_hal_tim_ex.o

.debug_line     0x0000000000000000    0x15667
 .debug_line    0x0000000000000000      0x82f ./Core/Src/GAS_BulkADC.o
 .debug_line    0x000000000000082f      0xa80 ./Core/Src/GAS_Can.o
 .debug_line    0x00000000000012af      0xa99 ./Core/Src/GAS_Scheduler.o
 .debug_line    0x0000000000001d48      0x7b2 ./Core/Src/GAS_Spi.o
 .debug_line    0x00000000000024fa      0x8ff ./Core/Src/adc.o
 .debug_line    0x0000000000002df9      0x863 ./Core/Src/can.o
 .debug_line    0x000000000000365c      0x776 ./Core/Src/crc.o
 .debug_line    0x0000000000003dd2      0x736 ./Core/Src/dma.o
 .debug_line    0x0000000000004508      0x766 ./Core/Src/gpio.o
 .debug_line    0x0000000000004c6e      0x807 ./Core/Src/main.o
 .debug_line    0x0000000000005475      0x7ac ./Core/Src/spi.o
 .debug_line    0x0000000000005c21      0x73b ./Core/Src/stm32f4xx_hal_msp.o
 .debug_line    0x000000000000635c      0x876 ./Core/Src/stm32f4xx_it.o
 .debug_line    0x0000000000006bd2      0x7c2 ./Core/Src/system_stm32f4xx.o
 .debug_line    0x0000000000007394      0x804 ./Core/Src/tim.o
 .debug_line    0x0000000000007b98       0x85 ./Core/Startup/startup_stm32f405rgtx.o
 .debug_line    0x0000000000007c1d      0xa22 ./Drivers/STM32F4xx_HAL_Driver/Src/stm32f4xx_hal.o
 .debug_line    0x000000000000863f     0x12ac ./Drivers/STM32F4xx_HAL_Driver/Src/stm32f4xx_hal_adc.o
 .debug_line    0x00000000000098eb     0x118e ./Drivers/STM32F4xx_HAL_Driver/Src/stm32f4xx_hal_can.o
 .debug_line    0x000000000000aa79      0xcd1 ./Drivers/STM32F4xx_HAL_Driver/Src/stm32f4xx_hal_cortex.o
 .debug_line    0x000000000000b74a      0x881 ./Drivers/STM32F4xx_HAL_Driver/Src/stm32f4xx_hal_crc.o
 .debug_line    0x000000000000bfcb      0xf87 ./Drivers/STM32F4xx_HAL_Driver/Src/stm32f4xx_hal_dma.o
 .debug_line    0x000000000000cf52      0xb98 ./Drivers/STM32F4xx_HAL_Driver/Src/stm32f4xx_hal_gpio.o
 .debug_line    0x000000000000daea      0xd9e ./Drivers/STM32F4xx_HAL_Driver/Src/stm32f4xx_hal_rcc.o
 .debug_line    0x000000000000e888     0x1caa ./Drivers/STM32F4xx_HAL_Driver/Src/stm32f4xx_hal_spi.o
 .debug_line    0x0000000000010532     0x3716 ./Drivers/STM32F4xx_HAL_Driver/Src/stm32f4xx_hal_tim.o
 .debug_line    0x0000000000013c48     0x1a1f ./Drivers/STM32F4xx_HAL_Driver/Src/stm32f4xx_hal_tim_ex.o

.debug_str      0x0000000000000000    0xcf63e
 .debug_str     0x0000000000000000    0xc710a ./Core/Src/GAS_BulkADC.o
                                      0xc7430 (size before relaxing)
 .debug_str     0x00000000000c710a     0x4295 ./Core/Src/GAS_Can.o
                                      0xcb27c (size before relaxing)
 .debug_str     0x00000000000cb39f      0x9e2 ./Core/Src/GAS_Scheduler.o
                                      0xcbd20 (size before relaxing)
 .debug_str     0x00000000000cbd81       0x65 ./Core/Src/GAS_Spi.o
                                      0xc701c (size before relaxing)
 .debug_str     0x00000000000cbde6      0x2f4 ./Core/Src/adc.o
                                      0xc716e (size before relaxing)
 .debug_str     0x00000000000cc0da       0x71 ./Core/Src/can.o
                                      0xc748b (size before relaxing)
 .debug_str     0x00000000000cc14b       0xf2 ./Core/Src/crc.o
                                      0xc6d9e (size before relaxing)
 .debug_str     0x00000000000cc23d       0x29 ./Core/Src/dma.o
                                      0xc712c (size before relaxing)
 .debug_str     0x00000000000cc266       0x2c ./Core/Src/gpio.o
                                      0xc6cff (size before relaxing)
 .debug_str     0x00000000000cc292      0x15c ./Core/Src/main.o
                                      0xc79d5 (size before relaxing)
 .debug_str     0x00000000000cc3ee       0x4b ./Core/Src/spi.o
                                      0xc715c (size before relaxing)
 .debug_str     0x00000000000cc439       0x2c ./Core/Src/stm32f4xx_hal_msp.o
                                      0xc6c62 (size before relaxing)
 .debug_str     0x00000000000cc465      0x125 ./Core/Src/stm32f4xx_it.o
                                      0xc7131 (size before relaxing)
 .debug_str     0x00000000000cc58a       0x70 ./Core/Src/system_stm32f4xx.o
                                      0xc6b81 (size before relaxing)
 .debug_str     0x00000000000cc5fa       0xf6 ./Core/Src/tim.o
                                      0xc72a6 (size before relaxing)
 .debug_str     0x00000000000cc6f0       0x36 ./Core/Startup/startup_stm32f405rgtx.o
                                         0x70 (size before relaxing)
 .debug_str     0x00000000000cc726      0x56b ./Drivers/STM32F4xx_HAL_Driver/Src/stm32f4xx_hal.o
                                      0xc762d (size before relaxing)
 .debug_str     0x00000000000ccc91      0x2a2 ./Drivers/STM32F4xx_HAL_Driver/Src/stm32f4xx_hal_adc.o
                                      0xc7118 (size before relaxing)
 .debug_str     0x00000000000ccf33      0x440 ./Drivers/STM32F4xx_HAL_Driver/Src/stm32f4xx_hal_can.o
                                      0xc7278 (size before relaxing)
 .debug_str     0x00000000000cd373      0x324 ./Drivers/STM32F4xx_HAL_Driver/Src/stm32f4xx_hal_cortex.o
                                      0xc741c (size before relaxing)
 .debug_str     0x00000000000cd697       0xaa ./Drivers/STM32F4xx_HAL_Driver/Src/stm32f4xx_hal_crc.o
                                      0xc6bc6 (size before relaxing)
 .debug_str     0x00000000000cd741      0x315 ./Drivers/STM32F4xx_HAL_Driver/Src/stm32f4xx_hal_dma.o
                                      0xc6f96 (size before relaxing)
 .debug_str     0x00000000000cda56      0x15a ./Drivers/STM32F4xx_HAL_Driver/Src/stm32f4xx_hal_gpio.o
                                      0xc6d13 (size before relaxing)
 .debug_str     0x00000000000cdbb0      0x259 ./Drivers/STM32F4xx_HAL_Driver/Src/stm32f4xx_hal_rcc.o
                                      0xc6f6e (size before relaxing)
 .debug_str     0x00000000000cde09      0x56f ./Drivers/STM32F4xx_HAL_Driver/Src/stm32f4xx_hal_spi.o
                                      0xc7410 (size before relaxing)
 .debug_str     0x00000000000ce378      0xdd8 ./Drivers/STM32F4xx_HAL_Driver/Src/stm32f4xx_hal_tim.o
                                      0xc7e9b (size before relaxing)
 .debug_str     0x00000000000cf150      0x4ee ./Drivers/STM32F4xx_HAL_Driver/Src/stm32f4xx_hal_tim_ex.o
                                      0xc764c (size before relaxing)

.comment        0x0000000000000000       0x53
 .comment       0x0000000000000000       0x53 ./Core/Src/GAS_BulkADC.o
                                         0x54 (size before relaxing)
 .comment       0x0000000000000053       0x54 ./Core/Src/GAS_Can.o
 .comment       0x0000000000000053       0x54 ./Core/Src/GAS_Scheduler.o
 .comment       0x0000000000000053       0x54 ./Core/Src/GAS_Spi.o
 .comment       0x0000000000000053       0x54 ./Core/Src/adc.o
 .comment       0x0000000000000053       0x54 ./Core/Src/can.o
 .comment       0x0000000000000053       0x54 ./Core/Src/crc.o
 .comment       0x0000000000000053       0x54 ./Core/Src/dma.o
 .comment       0x0000000000000053       0x54 ./Core/Src/gpio.o
 .comment       0x0000000000000053       0x54 ./Core/Src/main.o
 .comment       0x0000000000000053       0x54 ./Core/Src/spi.o
 .comment       0x0000000000000053       0x54 ./Core/Src/stm32f4xx_hal_msp.o
 .comment       0x0000000000000053       0x54 ./Core/Src/stm32f4xx_it.o
 .comment       0x0000000000000053       0x54 ./Core/Src/system_stm32f4xx.o
 .comment       0x0000000000000053       0x54 ./Core/Src/tim.o
 .comment       0x0000000000000053       0x54 ./Drivers/STM32F4xx_HAL_Driver/Src/stm32f4xx_hal.o
 .comment       0x0000000000000053       0x54 ./Drivers/STM32F4xx_HAL_Driver/Src/stm32f4xx_hal_adc.o
 .comment       0x0000000000000053       0x54 ./Drivers/STM32F4xx_HAL_Driver/Src/stm32f4xx_hal_can.o
 .comment       0x0000000000000053       0x54 ./Drivers/STM32F4xx_HAL_Driver/Src/stm32f4xx_hal_cortex.o
 .comment       0x0000000000000053       0x54 ./Drivers/STM32F4xx_HAL_Driver/Src/stm32f4xx_hal_crc.o
 .comment       0x0000000000000053       0x54 ./Drivers/STM32F4xx_HAL_Driver/Src/stm32f4xx_hal_dma.o
 .comment       0x0000000000000053       0x54 ./Drivers/STM32F4xx_HAL_Driver/Src/stm32f4xx_hal_gpio.o
 .comment       0x0000000000000053       0x54 ./Drivers/STM32F4xx_HAL_Driver/Src/stm32f4xx_hal_rcc.o
 .comment       0x0000000000000053       0x54 ./Drivers/STM32F4xx_HAL_Driver/Src/stm32f4xx_hal_spi.o
 .comment       0x0000000000000053       0x54 ./Drivers/STM32F4xx_HAL_Driver/Src/stm32f4xx_hal_tim.o
 .comment       0x0000000000000053       0x54 ./Drivers/STM32F4xx_HAL_Driver/Src/stm32f4xx_hal_tim_ex.o

.debug_frame    0x0000000000000000     0x4184
 .debug_frame   0x0000000000000000       0x80 ./Core/Src/GAS_BulkADC.o
 .debug_frame   0x0000000000000080       0xf4 ./Core/Src/GAS_Can.o
 .debug_frame   0x0000000000000174       0xb4 ./Core/Src/GAS_Scheduler.o
 .debug_frame   0x0000000000000228       0x5c ./Core/Src/GAS_Spi.o
 .debug_frame   0x0000000000000284       0xc4 ./Core/Src/adc.o
 .debug_frame   0x0000000000000348       0x90 ./Core/Src/can.o
 .debug_frame   0x00000000000003d8       0x7c ./Core/Src/crc.o
 .debug_frame   0x0000000000000454       0x34 ./Core/Src/dma.o
 .debug_frame   0x0000000000000488       0x34 ./Core/Src/gpio.o
 .debug_frame   0x00000000000004bc       0x6c ./Core/Src/main.o
 .debug_frame   0x0000000000000528       0x74 ./Core/Src/spi.o
 .debug_frame   0x000000000000059c       0x38 ./Core/Src/stm32f4xx_hal_msp.o
 .debug_frame   0x00000000000005d4      0x190 ./Core/Src/stm32f4xx_it.o
 .debug_frame   0x0000000000000764       0x58 ./Core/Src/system_stm32f4xx.o
 .debug_frame   0x00000000000007bc       0xa8 ./Core/Src/tim.o
 .debug_frame   0x0000000000000864      0x374 ./Drivers/STM32F4xx_HAL_Driver/Src/stm32f4xx_hal.o
 .debug_frame   0x0000000000000bd8      0x3fc ./Drivers/STM32F4xx_HAL_Driver/Src/stm32f4xx_hal_adc.o
 .debug_frame   0x0000000000000fd4      0x5a0 ./Drivers/STM32F4xx_HAL_Driver/Src/stm32f4xx_hal_can.o
 .debug_frame   0x0000000000001574      0x498 ./Drivers/STM32F4xx_HAL_Driver/Src/stm32f4xx_hal_cortex.o
 .debug_frame   0x0000000000001a0c      0x120 ./Drivers/STM32F4xx_HAL_Driver/Src/stm32f4xx_hal_crc.o
 .debug_frame   0x0000000000001b2c      0x250 ./Drivers/STM32F4xx_HAL_Driver/Src/stm32f4xx_hal_dma.o
 .debug_frame   0x0000000000001d7c      0x14c ./Drivers/STM32F4xx_HAL_Driver/Src/stm32f4xx_hal_gpio.o
 .debug_frame   0x0000000000001ec8      0x1f0 ./Drivers/STM32F4xx_HAL_Driver/Src/stm32f4xx_hal_rcc.o
 .debug_frame   0x00000000000020b8      0x824 ./Drivers/STM32F4xx_HAL_Driver/Src/stm32f4xx_hal_spi.o
 .debug_frame   0x00000000000028dc     0x11c4 ./Drivers/STM32F4xx_HAL_Driver/Src/stm32f4xx_hal_tim.o
 .debug_frame   0x0000000000003aa0      0x638 ./Drivers/STM32F4xx_HAL_Driver/Src/stm32f4xx_hal_tim_ex.o
 .debug_frame   0x00000000000040d8       0x2c c:/st/stm32cubeide_1.5.1/stm32cubeide/plugins/com.st.stm32cube.ide.mcu.externaltools.gnu-tools-for-stm32.9-2020-q2-update.win32_2.0.0.202105311346/tools/bin/../lib/gcc/arm-none-eabi/9.3.1/../../../../arm-none-eabi/lib/thumb/v7e-m+fp/hard\libc_nano.a(lib_a-init.o)
 .debug_frame   0x0000000000004104       0x20 c:/st/stm32cubeide_1.5.1/stm32cubeide/plugins/com.st.stm32cube.ide.mcu.externaltools.gnu-tools-for-stm32.9-2020-q2-update.win32_2.0.0.202105311346/tools/bin/../lib/gcc/arm-none-eabi/9.3.1/../../../../arm-none-eabi/lib/thumb/v7e-m+fp/hard\libc_nano.a(lib_a-memset.o)
 .debug_frame   0x0000000000004124       0x2c c:/st/stm32cubeide_1.5.1/stm32cubeide/plugins/com.st.stm32cube.ide.mcu.externaltools.gnu-tools-for-stm32.9-2020-q2-update.win32_2.0.0.202105311346/tools/bin/../lib/gcc/arm-none-eabi/9.3.1/thumb/v7e-m+fp/hard\libgcc.a(_aeabi_uldivmod.o)
 .debug_frame   0x0000000000004150       0x34 c:/st/stm32cubeide_1.5.1/stm32cubeide/plugins/com.st.stm32cube.ide.mcu.externaltools.gnu-tools-for-stm32.9-2020-q2-update.win32_2.0.0.202105311346/tools/bin/../lib/gcc/arm-none-eabi/9.3.1/thumb/v7e-m+fp/hard\libgcc.a(_udivmoddi4.o)
